
*** Running vivado
    with args -log design_1_wrapper.vdi -applog -m64 -product Vivado -messageDb vivado.pb -mode batch -source design_1_wrapper.tcl -notrace



****** Vivado v2024.2 (64-bit)
  **** SW Build 5239630 on Fri Nov 08 22:35:27 MST 2024
  **** IP Build 5239520 on Sun Nov 10 16:12:51 MST 2024
  **** SharedData Build 5239561 on Fri Nov 08 14:39:27 MST 2024
  **** Start of session at: Fri May  8 00:21:15 2026
    ** Copyright 1986-2022 Xilinx, Inc. All Rights Reserved.
    ** Copyright 2022-2024 Advanced Micro Devices, Inc. All Rights Reserved.

source design_1_wrapper.tcl -notrace
INFO: [IP_Flow 19-234] Refreshing IP repositories
INFO: [IP_Flow 19-1700] Loaded user IP repository 'c:/Users/jakem/ece383_wksp/lab3/ip_repo/My_Lab2_1_0'.
INFO: [IP_Flow 19-2313] Loaded Vivado IP repository 'C:/Xilinx/Vivado/2024.2/data/ip'.
add_files: Time (s): cpu = 00:00:09 ; elapsed = 00:00:11 . Memory (MB): peak = 391.031 ; gain = 97.012
Command: link_design -top design_1_wrapper -part xc7a200tsbg484-1
Design is defaulting to srcset: sources_1
Design is defaulting to constrset: constrs_1
INFO: [Device 21-403] Loading part xc7a200tsbg484-1
Netlist sorting complete. Time (s): cpu = 00:00:02 ; elapsed = 00:00:02 . Memory (MB): peak = 766.570 ; gain = 0.000
INFO: [Netlist 29-17] Analyzing 6896 Unisim elements for replacement
INFO: [Netlist 29-28] Unisim Transformation completed in 1 CPU seconds
INFO: [Project 1-479] Netlist was created with Vivado 2024.2
INFO: [Project 1-570] Preparing netlist for logic optimization
Parsing XDC File [c:/Users/jakem/ece383_wksp/final_project/final_project/final_project.gen/sources_1/bd/design_1/ip/design_1_microblaze_0_0/design_1_microblaze_0_0.xdc] for cell 'design_1_i/microblaze_0/U0'
Finished Parsing XDC File [c:/Users/jakem/ece383_wksp/final_project/final_project/final_project.gen/sources_1/bd/design_1/ip/design_1_microblaze_0_0/design_1_microblaze_0_0.xdc] for cell 'design_1_i/microblaze_0/U0'
Parsing XDC File [c:/Users/jakem/ece383_wksp/final_project/final_project/final_project.gen/sources_1/bd/design_1/ip/design_1_clk_wiz_1_0/design_1_clk_wiz_1_0_board.xdc] for cell 'design_1_i/clk_wiz_1/inst'
Finished Parsing XDC File [c:/Users/jakem/ece383_wksp/final_project/final_project/final_project.gen/sources_1/bd/design_1/ip/design_1_clk_wiz_1_0/design_1_clk_wiz_1_0_board.xdc] for cell 'design_1_i/clk_wiz_1/inst'
Parsing XDC File [c:/Users/jakem/ece383_wksp/final_project/final_project/final_project.gen/sources_1/bd/design_1/ip/design_1_clk_wiz_1_0/design_1_clk_wiz_1_0.xdc] for cell 'design_1_i/clk_wiz_1/inst'
INFO: [Timing 38-35] Done setting XDC timing constraints. [c:/Users/jakem/ece383_wksp/final_project/final_project/final_project.gen/sources_1/bd/design_1/ip/design_1_clk_wiz_1_0/design_1_clk_wiz_1_0.xdc:54]
INFO: [Timing 38-2] Deriving generated clocks [c:/Users/jakem/ece383_wksp/final_project/final_project/final_project.gen/sources_1/bd/design_1/ip/design_1_clk_wiz_1_0/design_1_clk_wiz_1_0.xdc:54]
get_clocks: Time (s): cpu = 00:00:22 ; elapsed = 00:00:21 . Memory (MB): peak = 1655.098 ; gain = 616.449
Finished Parsing XDC File [c:/Users/jakem/ece383_wksp/final_project/final_project/final_project.gen/sources_1/bd/design_1/ip/design_1_clk_wiz_1_0/design_1_clk_wiz_1_0.xdc] for cell 'design_1_i/clk_wiz_1/inst'
Parsing XDC File [c:/Users/jakem/ece383_wksp/final_project/final_project/final_project.gen/sources_1/bd/design_1/ip/design_1_rst_clk_wiz_1_100M_0/design_1_rst_clk_wiz_1_100M_0_board.xdc] for cell 'design_1_i/rst_clk_wiz_1_100M/U0'
Finished Parsing XDC File [c:/Users/jakem/ece383_wksp/final_project/final_project/final_project.gen/sources_1/bd/design_1/ip/design_1_rst_clk_wiz_1_100M_0/design_1_rst_clk_wiz_1_100M_0_board.xdc] for cell 'design_1_i/rst_clk_wiz_1_100M/U0'
Parsing XDC File [c:/Users/jakem/ece383_wksp/final_project/final_project/final_project.gen/sources_1/bd/design_1/ip/design_1_rst_clk_wiz_1_100M_0/design_1_rst_clk_wiz_1_100M_0.xdc] for cell 'design_1_i/rst_clk_wiz_1_100M/U0'
WARNING: [Vivado_Tcl 4-921] Waiver ID 'CDC-11' -to list should not be empty. [c:/Users/jakem/ece383_wksp/final_project/final_project/final_project.gen/sources_1/bd/design_1/ip/design_1_rst_clk_wiz_1_100M_0/design_1_rst_clk_wiz_1_100M_0.xdc:50]
Finished Parsing XDC File [c:/Users/jakem/ece383_wksp/final_project/final_project/final_project.gen/sources_1/bd/design_1/ip/design_1_rst_clk_wiz_1_100M_0/design_1_rst_clk_wiz_1_100M_0.xdc] for cell 'design_1_i/rst_clk_wiz_1_100M/U0'
Parsing XDC File [c:/Users/jakem/ece383_wksp/final_project/final_project/final_project.gen/sources_1/bd/design_1/ip/design_1_axi_uartlite_0_0/design_1_axi_uartlite_0_0_board.xdc] for cell 'design_1_i/axi_uartlite_0/U0'
Finished Parsing XDC File [c:/Users/jakem/ece383_wksp/final_project/final_project/final_project.gen/sources_1/bd/design_1/ip/design_1_axi_uartlite_0_0/design_1_axi_uartlite_0_0_board.xdc] for cell 'design_1_i/axi_uartlite_0/U0'
Parsing XDC File [c:/Users/jakem/ece383_wksp/final_project/final_project/final_project.gen/sources_1/bd/design_1/ip/design_1_axi_uartlite_0_0/design_1_axi_uartlite_0_0.xdc] for cell 'design_1_i/axi_uartlite_0/U0'
Finished Parsing XDC File [c:/Users/jakem/ece383_wksp/final_project/final_project/final_project.gen/sources_1/bd/design_1/ip/design_1_axi_uartlite_0_0/design_1_axi_uartlite_0_0.xdc] for cell 'design_1_i/axi_uartlite_0/U0'
Parsing XDC File [c:/Users/jakem/ece383_wksp/final_project/final_project/final_project.gen/sources_1/bd/design_1/ip/design_1_axi_smc_0/bd_0/ip/ip_1/bd_afc3_psr_aclk_0_board.xdc] for cell 'design_1_i/axi_smc/inst/clk_map/psr_aclk/U0'
Finished Parsing XDC File [c:/Users/jakem/ece383_wksp/final_project/final_project/final_project.gen/sources_1/bd/design_1/ip/design_1_axi_smc_0/bd_0/ip/ip_1/bd_afc3_psr_aclk_0_board.xdc] for cell 'design_1_i/axi_smc/inst/clk_map/psr_aclk/U0'
Parsing XDC File [c:/Users/jakem/ece383_wksp/final_project/final_project/final_project.gen/sources_1/bd/design_1/ip/design_1_axi_smc_0/bd_0/ip/ip_1/bd_afc3_psr_aclk_0.xdc] for cell 'design_1_i/axi_smc/inst/clk_map/psr_aclk/U0'
Finished Parsing XDC File [c:/Users/jakem/ece383_wksp/final_project/final_project/final_project.gen/sources_1/bd/design_1/ip/design_1_axi_smc_0/bd_0/ip/ip_1/bd_afc3_psr_aclk_0.xdc] for cell 'design_1_i/axi_smc/inst/clk_map/psr_aclk/U0'
Parsing XDC File [c:/Users/jakem/ece383_wksp/final_project/final_project/final_project.gen/sources_1/bd/design_1/ip/design_1_axi_smc_0/smartconnect.xdc] for cell 'design_1_i/axi_smc/inst'
Finished Parsing XDC File [c:/Users/jakem/ece383_wksp/final_project/final_project/final_project.gen/sources_1/bd/design_1/ip/design_1_axi_smc_0/smartconnect.xdc] for cell 'design_1_i/axi_smc/inst'
Parsing XDC File [c:/Users/jakem/ece383_wksp/final_project/final_project/final_project.gen/sources_1/bd/design_1/ip/design_1_mig_7series_0_0/design_1_mig_7series_0_0/user_design/constraints/design_1_mig_7series_0_0.xdc] for cell 'design_1_i/mig_7series_0'
Finished Parsing XDC File [c:/Users/jakem/ece383_wksp/final_project/final_project/final_project.gen/sources_1/bd/design_1/ip/design_1_mig_7series_0_0/design_1_mig_7series_0_0/user_design/constraints/design_1_mig_7series_0_0.xdc] for cell 'design_1_i/mig_7series_0'
Parsing XDC File [c:/Users/jakem/ece383_wksp/final_project/final_project/final_project.gen/sources_1/bd/design_1/ip/design_1_mig_7series_0_0/design_1_mig_7series_0_0_board.xdc] for cell 'design_1_i/mig_7series_0'
Finished Parsing XDC File [c:/Users/jakem/ece383_wksp/final_project/final_project/final_project.gen/sources_1/bd/design_1/ip/design_1_mig_7series_0_0/design_1_mig_7series_0_0_board.xdc] for cell 'design_1_i/mig_7series_0'
Parsing XDC File [c:/Users/jakem/ece383_wksp/final_project/final_project/final_project.gen/sources_1/bd/design_1/ip/design_1_axi_smc_1_0/bd_0/ip/ip_1/bd_a878_psr0_0_board.xdc] for cell 'design_1_i/axi_smc_1/inst/clk_map/psr0/U0'
Finished Parsing XDC File [c:/Users/jakem/ece383_wksp/final_project/final_project/final_project.gen/sources_1/bd/design_1/ip/design_1_axi_smc_1_0/bd_0/ip/ip_1/bd_a878_psr0_0_board.xdc] for cell 'design_1_i/axi_smc_1/inst/clk_map/psr0/U0'
Parsing XDC File [c:/Users/jakem/ece383_wksp/final_project/final_project/final_project.gen/sources_1/bd/design_1/ip/design_1_axi_smc_1_0/bd_0/ip/ip_1/bd_a878_psr0_0.xdc] for cell 'design_1_i/axi_smc_1/inst/clk_map/psr0/U0'
Finished Parsing XDC File [c:/Users/jakem/ece383_wksp/final_project/final_project/final_project.gen/sources_1/bd/design_1/ip/design_1_axi_smc_1_0/bd_0/ip/ip_1/bd_a878_psr0_0.xdc] for cell 'design_1_i/axi_smc_1/inst/clk_map/psr0/U0'
Parsing XDC File [c:/Users/jakem/ece383_wksp/final_project/final_project/final_project.gen/sources_1/bd/design_1/ip/design_1_axi_smc_1_0/bd_0/ip/ip_2/bd_a878_psr_aclk_0_board.xdc] for cell 'design_1_i/axi_smc_1/inst/clk_map/psr_aclk/U0'
Finished Parsing XDC File [c:/Users/jakem/ece383_wksp/final_project/final_project/final_project.gen/sources_1/bd/design_1/ip/design_1_axi_smc_1_0/bd_0/ip/ip_2/bd_a878_psr_aclk_0_board.xdc] for cell 'design_1_i/axi_smc_1/inst/clk_map/psr_aclk/U0'
Parsing XDC File [c:/Users/jakem/ece383_wksp/final_project/final_project/final_project.gen/sources_1/bd/design_1/ip/design_1_axi_smc_1_0/bd_0/ip/ip_2/bd_a878_psr_aclk_0.xdc] for cell 'design_1_i/axi_smc_1/inst/clk_map/psr_aclk/U0'
Finished Parsing XDC File [c:/Users/jakem/ece383_wksp/final_project/final_project/final_project.gen/sources_1/bd/design_1/ip/design_1_axi_smc_1_0/bd_0/ip/ip_2/bd_a878_psr_aclk_0.xdc] for cell 'design_1_i/axi_smc_1/inst/clk_map/psr_aclk/U0'
Parsing XDC File [c:/Users/jakem/ece383_wksp/final_project/final_project/final_project.gen/sources_1/bd/design_1/ip/design_1_axi_smc_1_0/bd_0/ip/ip_3/bd_a878_psr_aclk1_0_board.xdc] for cell 'design_1_i/axi_smc_1/inst/clk_map/psr_aclk1/U0'
Finished Parsing XDC File [c:/Users/jakem/ece383_wksp/final_project/final_project/final_project.gen/sources_1/bd/design_1/ip/design_1_axi_smc_1_0/bd_0/ip/ip_3/bd_a878_psr_aclk1_0_board.xdc] for cell 'design_1_i/axi_smc_1/inst/clk_map/psr_aclk1/U0'
Parsing XDC File [c:/Users/jakem/ece383_wksp/final_project/final_project/final_project.gen/sources_1/bd/design_1/ip/design_1_axi_smc_1_0/bd_0/ip/ip_3/bd_a878_psr_aclk1_0.xdc] for cell 'design_1_i/axi_smc_1/inst/clk_map/psr_aclk1/U0'
Finished Parsing XDC File [c:/Users/jakem/ece383_wksp/final_project/final_project/final_project.gen/sources_1/bd/design_1/ip/design_1_axi_smc_1_0/bd_0/ip/ip_3/bd_a878_psr_aclk1_0.xdc] for cell 'design_1_i/axi_smc_1/inst/clk_map/psr_aclk1/U0'
Parsing XDC File [c:/Users/jakem/ece383_wksp/final_project/final_project/final_project.gen/sources_1/bd/design_1/ip/design_1_axi_smc_1_0/smartconnect.xdc] for cell 'design_1_i/axi_smc_1/inst'
WARNING: [Vivado_Tcl 4-919] Waiver ID 'CDC-1' -from list should not be empty. [c:/Users/jakem/ece383_wksp/final_project/final_project/final_project.gen/sources_1/bd/design_1/ip/design_1_axi_smc_1_0/smartconnect.xdc:2]
WARNING: [Vivado_Tcl 4-921] Waiver ID 'CDC-1' -to list should not be empty. [c:/Users/jakem/ece383_wksp/final_project/final_project/final_project.gen/sources_1/bd/design_1/ip/design_1_axi_smc_1_0/smartconnect.xdc:3]
WARNING: [Vivado_Tcl 4-921] Waiver ID 'CDC-1' -to list should not be empty. [c:/Users/jakem/ece383_wksp/final_project/final_project/final_project.gen/sources_1/bd/design_1/ip/design_1_axi_smc_1_0/smartconnect.xdc:4]
WARNING: [Vivado_Tcl 4-921] Waiver ID 'CDC-1' -to list should not be empty. [c:/Users/jakem/ece383_wksp/final_project/final_project/final_project.gen/sources_1/bd/design_1/ip/design_1_axi_smc_1_0/smartconnect.xdc:5]
WARNING: [Vivado_Tcl 4-921] Waiver ID 'CDC-1' -to list should not be empty. [c:/Users/jakem/ece383_wksp/final_project/final_project/final_project.gen/sources_1/bd/design_1/ip/design_1_axi_smc_1_0/smartconnect.xdc:6]
WARNING: [Vivado_Tcl 4-921] Waiver ID 'CDC-1' -to list should not be empty. [c:/Users/jakem/ece383_wksp/final_project/final_project/final_project.gen/sources_1/bd/design_1/ip/design_1_axi_smc_1_0/smartconnect.xdc:7]
WARNING: [Vivado_Tcl 4-921] Waiver ID 'CDC-1' -to list should not be empty. [c:/Users/jakem/ece383_wksp/final_project/final_project/final_project.gen/sources_1/bd/design_1/ip/design_1_axi_smc_1_0/smartconnect.xdc:8]
WARNING: [Vivado_Tcl 4-921] Waiver ID 'CDC-1' -to list should not be empty. [c:/Users/jakem/ece383_wksp/final_project/final_project/final_project.gen/sources_1/bd/design_1/ip/design_1_axi_smc_1_0/smartconnect.xdc:9]
WARNING: [Vivado_Tcl 4-921] Waiver ID 'CDC-1' -to list should not be empty. [c:/Users/jakem/ece383_wksp/final_project/final_project/final_project.gen/sources_1/bd/design_1/ip/design_1_axi_smc_1_0/smartconnect.xdc:10]
WARNING: [Vivado_Tcl 4-921] Waiver ID 'CDC-1' -to list should not be empty. [c:/Users/jakem/ece383_wksp/final_project/final_project/final_project.gen/sources_1/bd/design_1/ip/design_1_axi_smc_1_0/smartconnect.xdc:11]
WARNING: [Vivado_Tcl 4-921] Waiver ID 'CDC-1' -to list should not be empty. [c:/Users/jakem/ece383_wksp/final_project/final_project/final_project.gen/sources_1/bd/design_1/ip/design_1_axi_smc_1_0/smartconnect.xdc:12]
WARNING: [Vivado_Tcl 4-921] Waiver ID 'CDC-1' -to list should not be empty. [c:/Users/jakem/ece383_wksp/final_project/final_project/final_project.gen/sources_1/bd/design_1/ip/design_1_axi_smc_1_0/smartconnect.xdc:14]
WARNING: [Vivado_Tcl 4-921] Waiver ID 'CDC-1' -to list should not be empty. [c:/Users/jakem/ece383_wksp/final_project/final_project/final_project.gen/sources_1/bd/design_1/ip/design_1_axi_smc_1_0/smartconnect.xdc:15]
WARNING: [Vivado_Tcl 4-921] Waiver ID 'CDC-1' -to list should not be empty. [c:/Users/jakem/ece383_wksp/final_project/final_project/final_project.gen/sources_1/bd/design_1/ip/design_1_axi_smc_1_0/smartconnect.xdc:17]
WARNING: [Vivado_Tcl 4-921] Waiver ID 'CDC-1' -to list should not be empty. [c:/Users/jakem/ece383_wksp/final_project/final_project/final_project.gen/sources_1/bd/design_1/ip/design_1_axi_smc_1_0/smartconnect.xdc:18]
WARNING: [Vivado_Tcl 4-921] Waiver ID 'CDC-1' -to list should not be empty. [c:/Users/jakem/ece383_wksp/final_project/final_project/final_project.gen/sources_1/bd/design_1/ip/design_1_axi_smc_1_0/smartconnect.xdc:19]
WARNING: [Vivado_Tcl 4-921] Waiver ID 'CDC-1' -to list should not be empty. [c:/Users/jakem/ece383_wksp/final_project/final_project/final_project.gen/sources_1/bd/design_1/ip/design_1_axi_smc_1_0/smartconnect.xdc:20]
WARNING: [Vivado_Tcl 4-921] Waiver ID 'CDC-1' -to list should not be empty. [c:/Users/jakem/ece383_wksp/final_project/final_project/final_project.gen/sources_1/bd/design_1/ip/design_1_axi_smc_1_0/smartconnect.xdc:21]
WARNING: [Vivado_Tcl 4-921] Waiver ID 'CDC-1' -to list should not be empty. [c:/Users/jakem/ece383_wksp/final_project/final_project/final_project.gen/sources_1/bd/design_1/ip/design_1_axi_smc_1_0/smartconnect.xdc:22]
WARNING: [Vivado_Tcl 4-921] Waiver ID 'CDC-1' -to list should not be empty. [c:/Users/jakem/ece383_wksp/final_project/final_project/final_project.gen/sources_1/bd/design_1/ip/design_1_axi_smc_1_0/smartconnect.xdc:23]
WARNING: [Vivado_Tcl 4-921] Waiver ID 'CDC-1' -to list should not be empty. [c:/Users/jakem/ece383_wksp/final_project/final_project/final_project.gen/sources_1/bd/design_1/ip/design_1_axi_smc_1_0/smartconnect.xdc:24]
WARNING: [Vivado_Tcl 4-921] Waiver ID 'CDC-1' -to list should not be empty. [c:/Users/jakem/ece383_wksp/final_project/final_project/final_project.gen/sources_1/bd/design_1/ip/design_1_axi_smc_1_0/smartconnect.xdc:26]
WARNING: [Vivado_Tcl 4-921] Waiver ID 'CDC-1' -to list should not be empty. [c:/Users/jakem/ece383_wksp/final_project/final_project/final_project.gen/sources_1/bd/design_1/ip/design_1_axi_smc_1_0/smartconnect.xdc:28]
WARNING: [Vivado_Tcl 4-921] Waiver ID 'CDC-1' -to list should not be empty. [c:/Users/jakem/ece383_wksp/final_project/final_project/final_project.gen/sources_1/bd/design_1/ip/design_1_axi_smc_1_0/smartconnect.xdc:29]
WARNING: [Vivado_Tcl 4-921] Waiver ID 'CDC-1' -to list should not be empty. [c:/Users/jakem/ece383_wksp/final_project/final_project/final_project.gen/sources_1/bd/design_1/ip/design_1_axi_smc_1_0/smartconnect.xdc:30]
WARNING: [Vivado_Tcl 4-921] Waiver ID 'CDC-1' -to list should not be empty. [c:/Users/jakem/ece383_wksp/final_project/final_project/final_project.gen/sources_1/bd/design_1/ip/design_1_axi_smc_1_0/smartconnect.xdc:31]
WARNING: [Vivado_Tcl 4-921] Waiver ID 'CDC-1' -to list should not be empty. [c:/Users/jakem/ece383_wksp/final_project/final_project/final_project.gen/sources_1/bd/design_1/ip/design_1_axi_smc_1_0/smartconnect.xdc:32]
WARNING: [Vivado_Tcl 4-921] Waiver ID 'CDC-1' -to list should not be empty. [c:/Users/jakem/ece383_wksp/final_project/final_project/final_project.gen/sources_1/bd/design_1/ip/design_1_axi_smc_1_0/smartconnect.xdc:33]
WARNING: [Vivado_Tcl 4-921] Waiver ID 'CDC-1' -to list should not be empty. [c:/Users/jakem/ece383_wksp/final_project/final_project/final_project.gen/sources_1/bd/design_1/ip/design_1_axi_smc_1_0/smartconnect.xdc:34]
WARNING: [Vivado_Tcl 4-921] Waiver ID 'CDC-1' -to list should not be empty. [c:/Users/jakem/ece383_wksp/final_project/final_project/final_project.gen/sources_1/bd/design_1/ip/design_1_axi_smc_1_0/smartconnect.xdc:35]
WARNING: [Vivado_Tcl 4-921] Waiver ID 'CDC-1' -to list should not be empty. [c:/Users/jakem/ece383_wksp/final_project/final_project/final_project.gen/sources_1/bd/design_1/ip/design_1_axi_smc_1_0/smartconnect.xdc:36]
WARNING: [Vivado_Tcl 4-921] Waiver ID 'CDC-1' -to list should not be empty. [c:/Users/jakem/ece383_wksp/final_project/final_project/final_project.gen/sources_1/bd/design_1/ip/design_1_axi_smc_1_0/smartconnect.xdc:37]
WARNING: [Vivado_Tcl 4-921] Waiver ID 'CDC-2' -to list should not be empty. [c:/Users/jakem/ece383_wksp/final_project/final_project/final_project.gen/sources_1/bd/design_1/ip/design_1_axi_smc_1_0/smartconnect.xdc:38]
WARNING: [Vivado_Tcl 4-921] Waiver ID 'CDC-2' -to list should not be empty. [c:/Users/jakem/ece383_wksp/final_project/final_project/final_project.gen/sources_1/bd/design_1/ip/design_1_axi_smc_1_0/smartconnect.xdc:39]
WARNING: [Vivado_Tcl 4-921] Waiver ID 'CDC-2' -to list should not be empty. [c:/Users/jakem/ece383_wksp/final_project/final_project/final_project.gen/sources_1/bd/design_1/ip/design_1_axi_smc_1_0/smartconnect.xdc:40]
WARNING: [Vivado_Tcl 4-921] Waiver ID 'CDC-10' -to list should not be empty. [c:/Users/jakem/ece383_wksp/final_project/final_project/final_project.gen/sources_1/bd/design_1/ip/design_1_axi_smc_1_0/smartconnect.xdc:41]
WARNING: [Vivado_Tcl 4-921] Waiver ID 'CDC-10' -to list should not be empty. [c:/Users/jakem/ece383_wksp/final_project/final_project/final_project.gen/sources_1/bd/design_1/ip/design_1_axi_smc_1_0/smartconnect.xdc:42]
WARNING: [Vivado_Tcl 4-921] Waiver ID 'CDC-10' -to list should not be empty. [c:/Users/jakem/ece383_wksp/final_project/final_project/final_project.gen/sources_1/bd/design_1/ip/design_1_axi_smc_1_0/smartconnect.xdc:43]
WARNING: [Vivado_Tcl 4-921] Waiver ID 'CDC-4' -to list should not be empty. [c:/Users/jakem/ece383_wksp/final_project/final_project/final_project.gen/sources_1/bd/design_1/ip/design_1_axi_smc_1_0/smartconnect.xdc:44]
WARNING: [Vivado_Tcl 4-921] Waiver ID 'CDC-4' -to list should not be empty. [c:/Users/jakem/ece383_wksp/final_project/final_project/final_project.gen/sources_1/bd/design_1/ip/design_1_axi_smc_1_0/smartconnect.xdc:45]
WARNING: [Vivado_Tcl 4-921] Waiver ID 'CDC-4' -to list should not be empty. [c:/Users/jakem/ece383_wksp/final_project/final_project/final_project.gen/sources_1/bd/design_1/ip/design_1_axi_smc_1_0/smartconnect.xdc:46]
WARNING: [Vivado_Tcl 4-921] Waiver ID 'CDC-13' -to list should not be empty. [c:/Users/jakem/ece383_wksp/final_project/final_project/final_project.gen/sources_1/bd/design_1/ip/design_1_axi_smc_1_0/smartconnect.xdc:47]
WARNING: [Vivado_Tcl 4-921] Waiver ID 'CDC-13' -to list should not be empty. [c:/Users/jakem/ece383_wksp/final_project/final_project/final_project.gen/sources_1/bd/design_1/ip/design_1_axi_smc_1_0/smartconnect.xdc:48]
Finished Parsing XDC File [c:/Users/jakem/ece383_wksp/final_project/final_project/final_project.gen/sources_1/bd/design_1/ip/design_1_axi_smc_1_0/smartconnect.xdc] for cell 'design_1_i/axi_smc_1/inst'
Parsing XDC File [c:/Users/jakem/ece383_wksp/final_project/final_project/final_project.gen/sources_1/bd/design_1/ip/design_1_rst_mig_7series_0_100M_0/design_1_rst_mig_7series_0_100M_0_board.xdc] for cell 'design_1_i/rst_mig_7series_0_100M/U0'
Finished Parsing XDC File [c:/Users/jakem/ece383_wksp/final_project/final_project/final_project.gen/sources_1/bd/design_1/ip/design_1_rst_mig_7series_0_100M_0/design_1_rst_mig_7series_0_100M_0_board.xdc] for cell 'design_1_i/rst_mig_7series_0_100M/U0'
Parsing XDC File [c:/Users/jakem/ece383_wksp/final_project/final_project/final_project.gen/sources_1/bd/design_1/ip/design_1_rst_mig_7series_0_100M_0/design_1_rst_mig_7series_0_100M_0.xdc] for cell 'design_1_i/rst_mig_7series_0_100M/U0'
WARNING: [Vivado_Tcl 4-921] Waiver ID 'CDC-11' -to list should not be empty. [c:/Users/jakem/ece383_wksp/final_project/final_project/final_project.gen/sources_1/bd/design_1/ip/design_1_rst_mig_7series_0_100M_0/design_1_rst_mig_7series_0_100M_0.xdc:50]
Finished Parsing XDC File [c:/Users/jakem/ece383_wksp/final_project/final_project/final_project.gen/sources_1/bd/design_1/ip/design_1_rst_mig_7series_0_100M_0/design_1_rst_mig_7series_0_100M_0.xdc] for cell 'design_1_i/rst_mig_7series_0_100M/U0'
Parsing XDC File [c:/Users/jakem/ece383_wksp/final_project/final_project/final_project.gen/sources_1/bd/design_1/ip/design_1_My_Lab2_0_0/src/clk_wiz_0_1/clk_wiz_0.xdc] for cell 'design_1_i/My_Lab2_0/U0/My_Lab2_slave_lite_v1_0_S00_AXI_inst/datapath/video_inst/mmcm_adv_inst_display_clocks/inst'
INFO: [Timing 38-2] Deriving generated clocks [c:/Users/jakem/ece383_wksp/final_project/final_project/final_project.gen/sources_1/bd/design_1/ip/design_1_My_Lab2_0_0/src/clk_wiz_0_1/clk_wiz_0.xdc:54]
Finished Parsing XDC File [c:/Users/jakem/ece383_wksp/final_project/final_project/final_project.gen/sources_1/bd/design_1/ip/design_1_My_Lab2_0_0/src/clk_wiz_0_1/clk_wiz_0.xdc] for cell 'design_1_i/My_Lab2_0/U0/My_Lab2_slave_lite_v1_0_S00_AXI_inst/datapath/video_inst/mmcm_adv_inst_display_clocks/inst'
Parsing XDC File [c:/Users/jakem/ece383_wksp/final_project/final_project/final_project.gen/sources_1/bd/design_1/ip/design_1_My_Lab2_0_0/src/clk_wiz_1_1/clk_wiz_1.xdc] for cell 'design_1_i/My_Lab2_0/U0/My_Lab2_slave_lite_v1_0_S00_AXI_inst/datapath/Audio_Codec/audiocodec_master_clock/inst'
INFO: [Timing 38-2] Deriving generated clocks [c:/Users/jakem/ece383_wksp/final_project/final_project/final_project.gen/sources_1/bd/design_1/ip/design_1_My_Lab2_0_0/src/clk_wiz_1_1/clk_wiz_1.xdc:54]
Finished Parsing XDC File [c:/Users/jakem/ece383_wksp/final_project/final_project/final_project.gen/sources_1/bd/design_1/ip/design_1_My_Lab2_0_0/src/clk_wiz_1_1/clk_wiz_1.xdc] for cell 'design_1_i/My_Lab2_0/U0/My_Lab2_slave_lite_v1_0_S00_AXI_inst/datapath/Audio_Codec/audiocodec_master_clock/inst'
Parsing XDC File [c:/Users/jakem/ece383_wksp/final_project/final_project/final_project.gen/sources_1/bd/design_1/ip/design_1_My_Lab2_0_0/src/Lab2.xdc] for cell 'design_1_i/My_Lab2_0/U0'
CRITICAL WARNING: [Common 17-55] 'set_property' expects at least one object. [c:/Users/jakem/ece383_wksp/final_project/final_project/final_project.gen/sources_1/bd/design_1/ip/design_1_My_Lab2_0_0/src/Lab2.xdc:8]
Resolution: If [get_<value>] was used to populate the object, check to make sure this command returns at least one valid object.
CRITICAL WARNING: [Netlist 29-160] Cannot set property 'PACKAGE_PIN', because the property does not exist for objects of type 'pin'. [c:/Users/jakem/ece383_wksp/final_project/final_project/final_project.gen/sources_1/bd/design_1/ip/design_1_My_Lab2_0_0/src/Lab2.xdc:33]
Resolution: Modify the set_property command to apply the property on the correct object type. Since the property is being applied as a scoped constraint, ensure the proper connectivity of the object port objects can be translated into pin objects. This could be due to the insertion of IO Buffers between the top level terminal and cell pin. If the goal is to apply constraints that will migrate to top level ports it is required that IO Buffers manually be instanced.
CRITICAL WARNING: [Netlist 29-160] Cannot set property 'PACKAGE_PIN', because the property does not exist for objects of type 'pin'. [c:/Users/jakem/ece383_wksp/final_project/final_project/final_project.gen/sources_1/bd/design_1/ip/design_1_My_Lab2_0_0/src/Lab2.xdc:34]
Resolution: Modify the set_property command to apply the property on the correct object type. Since the property is being applied as a scoped constraint, ensure the proper connectivity of the object port objects can be translated into pin objects. This could be due to the insertion of IO Buffers between the top level terminal and cell pin. If the goal is to apply constraints that will migrate to top level ports it is required that IO Buffers manually be instanced.
CRITICAL WARNING: [Netlist 29-160] Cannot set property 'PACKAGE_PIN', because the property does not exist for objects of type 'pin'. [c:/Users/jakem/ece383_wksp/final_project/final_project/final_project.gen/sources_1/bd/design_1/ip/design_1_My_Lab2_0_0/src/Lab2.xdc:35]
Resolution: Modify the set_property command to apply the property on the correct object type. Since the property is being applied as a scoped constraint, ensure the proper connectivity of the object port objects can be translated into pin objects. This could be due to the insertion of IO Buffers between the top level terminal and cell pin. If the goal is to apply constraints that will migrate to top level ports it is required that IO Buffers manually be instanced.
CRITICAL WARNING: [Netlist 29-160] Cannot set property 'PACKAGE_PIN', because the property does not exist for objects of type 'pin'. [c:/Users/jakem/ece383_wksp/final_project/final_project/final_project.gen/sources_1/bd/design_1/ip/design_1_My_Lab2_0_0/src/Lab2.xdc:36]
Resolution: Modify the set_property command to apply the property on the correct object type. Since the property is being applied as a scoped constraint, ensure the proper connectivity of the object port objects can be translated into pin objects. This could be due to the insertion of IO Buffers between the top level terminal and cell pin. If the goal is to apply constraints that will migrate to top level ports it is required that IO Buffers manually be instanced.
CRITICAL WARNING: [Netlist 29-160] Cannot set property 'PACKAGE_PIN', because the property does not exist for objects of type 'pin'. [c:/Users/jakem/ece383_wksp/final_project/final_project/final_project.gen/sources_1/bd/design_1/ip/design_1_My_Lab2_0_0/src/Lab2.xdc:37]
Resolution: Modify the set_property command to apply the property on the correct object type. Since the property is being applied as a scoped constraint, ensure the proper connectivity of the object port objects can be translated into pin objects. This could be due to the insertion of IO Buffers between the top level terminal and cell pin. If the goal is to apply constraints that will migrate to top level ports it is required that IO Buffers manually be instanced.
CRITICAL WARNING: [Common 17-55] 'set_property' expects at least one object. [c:/Users/jakem/ece383_wksp/final_project/final_project/final_project.gen/sources_1/bd/design_1/ip/design_1_My_Lab2_0_0/src/Lab2.xdc:38]
Resolution: If [get_<value>] was used to populate the object, check to make sure this command returns at least one valid object.
CRITICAL WARNING: [Netlist 29-160] Cannot set property 'PACKAGE_PIN', because the property does not exist for objects of type 'pin'. [c:/Users/jakem/ece383_wksp/final_project/final_project/final_project.gen/sources_1/bd/design_1/ip/design_1_My_Lab2_0_0/src/Lab2.xdc:42]
Resolution: Modify the set_property command to apply the property on the correct object type. Since the property is being applied as a scoped constraint, ensure the proper connectivity of the object port objects can be translated into pin objects. This could be due to the insertion of IO Buffers between the top level terminal and cell pin. If the goal is to apply constraints that will migrate to top level ports it is required that IO Buffers manually be instanced.
CRITICAL WARNING: [Netlist 29-160] Cannot set property 'PACKAGE_PIN', because the property does not exist for objects of type 'pin'. [c:/Users/jakem/ece383_wksp/final_project/final_project/final_project.gen/sources_1/bd/design_1/ip/design_1_My_Lab2_0_0/src/Lab2.xdc:43]
Resolution: Modify the set_property command to apply the property on the correct object type. Since the property is being applied as a scoped constraint, ensure the proper connectivity of the object port objects can be translated into pin objects. This could be due to the insertion of IO Buffers between the top level terminal and cell pin. If the goal is to apply constraints that will migrate to top level ports it is required that IO Buffers manually be instanced.
CRITICAL WARNING: [Netlist 29-160] Cannot set property 'PACKAGE_PIN', because the property does not exist for objects of type 'pin'. [c:/Users/jakem/ece383_wksp/final_project/final_project/final_project.gen/sources_1/bd/design_1/ip/design_1_My_Lab2_0_0/src/Lab2.xdc:44]
Resolution: Modify the set_property command to apply the property on the correct object type. Since the property is being applied as a scoped constraint, ensure the proper connectivity of the object port objects can be translated into pin objects. This could be due to the insertion of IO Buffers between the top level terminal and cell pin. If the goal is to apply constraints that will migrate to top level ports it is required that IO Buffers manually be instanced.
CRITICAL WARNING: [Netlist 29-160] Cannot set property 'PACKAGE_PIN', because the property does not exist for objects of type 'pin'. [c:/Users/jakem/ece383_wksp/final_project/final_project/final_project.gen/sources_1/bd/design_1/ip/design_1_My_Lab2_0_0/src/Lab2.xdc:45]
Resolution: Modify the set_property command to apply the property on the correct object type. Since the property is being applied as a scoped constraint, ensure the proper connectivity of the object port objects can be translated into pin objects. This could be due to the insertion of IO Buffers between the top level terminal and cell pin. If the goal is to apply constraints that will migrate to top level ports it is required that IO Buffers manually be instanced.
CRITICAL WARNING: [Netlist 29-160] Cannot set property 'PACKAGE_PIN', because the property does not exist for objects of type 'pin'. [c:/Users/jakem/ece383_wksp/final_project/final_project/final_project.gen/sources_1/bd/design_1/ip/design_1_My_Lab2_0_0/src/Lab2.xdc:101]
Resolution: Modify the set_property command to apply the property on the correct object type. Since the property is being applied as a scoped constraint, ensure the proper connectivity of the object port objects can be translated into pin objects. This could be due to the insertion of IO Buffers between the top level terminal and cell pin. If the goal is to apply constraints that will migrate to top level ports it is required that IO Buffers manually be instanced.
CRITICAL WARNING: [Netlist 29-160] Cannot set property 'PACKAGE_PIN', because the property does not exist for objects of type 'pin'. [c:/Users/jakem/ece383_wksp/final_project/final_project/final_project.gen/sources_1/bd/design_1/ip/design_1_My_Lab2_0_0/src/Lab2.xdc:102]
Resolution: Modify the set_property command to apply the property on the correct object type. Since the property is being applied as a scoped constraint, ensure the proper connectivity of the object port objects can be translated into pin objects. This could be due to the insertion of IO Buffers between the top level terminal and cell pin. If the goal is to apply constraints that will migrate to top level ports it is required that IO Buffers manually be instanced.
CRITICAL WARNING: [Netlist 29-160] Cannot set property 'PACKAGE_PIN', because the property does not exist for objects of type 'pin'. [c:/Users/jakem/ece383_wksp/final_project/final_project/final_project.gen/sources_1/bd/design_1/ip/design_1_My_Lab2_0_0/src/Lab2.xdc:103]
Resolution: Modify the set_property command to apply the property on the correct object type. Since the property is being applied as a scoped constraint, ensure the proper connectivity of the object port objects can be translated into pin objects. This could be due to the insertion of IO Buffers between the top level terminal and cell pin. If the goal is to apply constraints that will migrate to top level ports it is required that IO Buffers manually be instanced.
CRITICAL WARNING: [Netlist 29-160] Cannot set property 'PACKAGE_PIN', because the property does not exist for objects of type 'pin'. [c:/Users/jakem/ece383_wksp/final_project/final_project/final_project.gen/sources_1/bd/design_1/ip/design_1_My_Lab2_0_0/src/Lab2.xdc:104]
Resolution: Modify the set_property command to apply the property on the correct object type. Since the property is being applied as a scoped constraint, ensure the proper connectivity of the object port objects can be translated into pin objects. This could be due to the insertion of IO Buffers between the top level terminal and cell pin. If the goal is to apply constraints that will migrate to top level ports it is required that IO Buffers manually be instanced.
CRITICAL WARNING: [Netlist 29-160] Cannot set property 'PACKAGE_PIN', because the property does not exist for objects of type 'pin'. [c:/Users/jakem/ece383_wksp/final_project/final_project/final_project.gen/sources_1/bd/design_1/ip/design_1_My_Lab2_0_0/src/Lab2.xdc:105]
Resolution: Modify the set_property command to apply the property on the correct object type. Since the property is being applied as a scoped constraint, ensure the proper connectivity of the object port objects can be translated into pin objects. This could be due to the insertion of IO Buffers between the top level terminal and cell pin. If the goal is to apply constraints that will migrate to top level ports it is required that IO Buffers manually be instanced.
CRITICAL WARNING: [Netlist 29-160] Cannot set property 'PACKAGE_PIN', because the property does not exist for objects of type 'pin'. [c:/Users/jakem/ece383_wksp/final_project/final_project/final_project.gen/sources_1/bd/design_1/ip/design_1_My_Lab2_0_0/src/Lab2.xdc:109]
Resolution: Modify the set_property command to apply the property on the correct object type. Since the property is being applied as a scoped constraint, ensure the proper connectivity of the object port objects can be translated into pin objects. This could be due to the insertion of IO Buffers between the top level terminal and cell pin. If the goal is to apply constraints that will migrate to top level ports it is required that IO Buffers manually be instanced.
CRITICAL WARNING: [Netlist 29-160] Cannot set property 'PACKAGE_PIN', because the property does not exist for objects of type 'pin'. [c:/Users/jakem/ece383_wksp/final_project/final_project/final_project.gen/sources_1/bd/design_1/ip/design_1_My_Lab2_0_0/src/Lab2.xdc:110]
Resolution: Modify the set_property command to apply the property on the correct object type. Since the property is being applied as a scoped constraint, ensure the proper connectivity of the object port objects can be translated into pin objects. This could be due to the insertion of IO Buffers between the top level terminal and cell pin. If the goal is to apply constraints that will migrate to top level ports it is required that IO Buffers manually be instanced.
CRITICAL WARNING: [Common 17-55] 'set_property' expects at least one object. [c:/Users/jakem/ece383_wksp/final_project/final_project/final_project.gen/sources_1/bd/design_1/ip/design_1_My_Lab2_0_0/src/Lab2.xdc:111]
Resolution: If [get_<value>] was used to populate the object, check to make sure this command returns at least one valid object.
Finished Parsing XDC File [c:/Users/jakem/ece383_wksp/final_project/final_project/final_project.gen/sources_1/bd/design_1/ip/design_1_My_Lab2_0_0/src/Lab2.xdc] for cell 'design_1_i/My_Lab2_0/U0'
Parsing XDC File [c:/Users/jakem/ece383_wksp/final_project/final_project/final_project.gen/sources_1/bd/design_1/ip/design_1_util_ds_buf_0_0/design_1_util_ds_buf_0_0_board.xdc] for cell 'design_1_i/util_ds_buf_0/U0'
Finished Parsing XDC File [c:/Users/jakem/ece383_wksp/final_project/final_project/final_project.gen/sources_1/bd/design_1/ip/design_1_util_ds_buf_0_0/design_1_util_ds_buf_0_0_board.xdc] for cell 'design_1_i/util_ds_buf_0/U0'
Parsing XDC File [C:/Users/jakem/ece383_wksp/final_project/final_project/final_project.srcs/constrs_1/imports/lab2_code_for_cadets_2026/Lab2.xdc]
WARNING: [Vivado 12-584] No ports matched 'clk'. [C:/Users/jakem/ece383_wksp/final_project/final_project/final_project.srcs/constrs_1/imports/lab2_code_for_cadets_2026/Lab2.xdc:8]
CRITICAL WARNING: [Common 17-55] 'set_property' expects at least one object. [C:/Users/jakem/ece383_wksp/final_project/final_project/final_project.srcs/constrs_1/imports/lab2_code_for_cadets_2026/Lab2.xdc:8]
Resolution: If [get_<value>] was used to populate the object, check to make sure this command returns at least one valid object.
WARNING: [Vivado 12-584] No ports matched 'reset_n'. [C:/Users/jakem/ece383_wksp/final_project/final_project/final_project.srcs/constrs_1/imports/lab2_code_for_cadets_2026/Lab2.xdc:38]
CRITICAL WARNING: [Common 17-55] 'set_property' expects at least one object. [C:/Users/jakem/ece383_wksp/final_project/final_project/final_project.srcs/constrs_1/imports/lab2_code_for_cadets_2026/Lab2.xdc:38]
Resolution: If [get_<value>] was used to populate the object, check to make sure this command returns at least one valid object.
Finished Parsing XDC File [C:/Users/jakem/ece383_wksp/final_project/final_project/final_project.srcs/constrs_1/imports/lab2_code_for_cadets_2026/Lab2.xdc]
Parsing XDC File [c:/Users/jakem/ece383_wksp/final_project/final_project/final_project.gen/sources_1/bd/design_1/ip/design_1_mdm_1_0/design_1_mdm_1_0.xdc] for cell 'design_1_i/mdm_1/U0'
Finished Parsing XDC File [c:/Users/jakem/ece383_wksp/final_project/final_project/final_project.gen/sources_1/bd/design_1/ip/design_1_mdm_1_0/design_1_mdm_1_0.xdc] for cell 'design_1_i/mdm_1/U0'
INFO: [Project 1-1714] 104 XPM XDC files have been applied to the design.
INFO: [Opt 31-138] Pushed 0 inverter(s) to 0 load pin(s).
Generating merged BMM file for the design top 'design_1_wrapper'...
INFO: [Memdata 28-144] Successfully populated the BRAM INIT strings from the following elf files: c:/Users/jakem/ece383_wksp/final_project/final_project/final_project.gen/sources_1/bd/design_1/ip/design_1_microblaze_0_0/data/mb_bootloop_le.elf 
INFO: [Project 1-1687] 53 scoped IP constraints or related sub-commands were skipped due to synthesis logic optimizations usually triggered by constant connectivity or unconnected output pins. To review the skipped constraints and messages, run the command 'set_param netlist.IPMsgFiltering false' before opening the design.
Netlist sorting complete. Time (s): cpu = 00:00:00 ; elapsed = 00:00:00.023 . Memory (MB): peak = 1655.098 ; gain = 0.000
INFO: [Project 1-111] Unisim Transformation Summary:
  A total of 373 instances were transformed.
  IOBUF => IOBUF (IBUF, OBUFT): 2 instances
  IOBUFDS_DIFF_OUT_INTERMDISABLE => IOBUFDS_DIFF_OUT_INTERMDISABLE (IBUFDS_INTERMDISABLE_INT(x2), INV, OBUFTDS(x2)): 2 instances
  IOBUF_INTERMDISABLE => IOBUF_INTERMDISABLE (IBUF_INTERMDISABLE, OBUFT): 16 instances
  LUT6_2 => LUT6_2 (LUT5, LUT6): 88 instances
  OBUFDS => OBUFDS: 4 instances
  OBUFDS => OBUFDS_DUAL_BUF (INV, OBUFDS(x2)): 1 instance 
  RAM16X1D => RAM32X1D (RAMD32(x2)): 1 instance 
  RAM32M => RAM32M (RAMD32(x6), RAMS32(x2)): 221 instances
  RAM32X1D => RAM32X1D (RAMD32(x2)): 38 instances

17 Infos, 47 Warnings, 21 Critical Warnings and 0 Errors encountered.
link_design completed successfully
link_design: Time (s): cpu = 00:01:05 ; elapsed = 00:01:05 . Memory (MB): peak = 1655.098 ; gain = 1264.066
Command: opt_design
Attempting to get a license for feature 'Implementation' and/or device 'xc7a200t'
INFO: [Common 17-349] Got license for feature 'Implementation' and/or device 'xc7a200t'
Running DRC as a precondition to command opt_design

Starting DRC Task
INFO: [DRC 23-27] Running DRC with 2 threads
INFO: [Project 1-461] DRC finished with 0 Errors
INFO: [Project 1-462] Please refer to the DRC report (report_drc) for more information.

Time (s): cpu = 00:00:06 ; elapsed = 00:00:04 . Memory (MB): peak = 1655.098 ; gain = 0.000

Starting Cache Timing Information Task
INFO: [Timing 38-35] Done setting XDC timing constraints.
Ending Cache Timing Information Task | Checksum: 1ba27b0a7

Time (s): cpu = 00:00:05 ; elapsed = 00:00:03 . Memory (MB): peak = 1655.098 ; gain = 0.000

Starting Logic Optimization Task

Phase 1 Initialization

Phase 1.1 Core Generation And Design Setup
Phase 1.1 Core Generation And Design Setup | Checksum: 1ba27b0a7

Time (s): cpu = 00:00:00 ; elapsed = 00:00:00.081 . Memory (MB): peak = 2036.852 ; gain = 0.000

Phase 1.2 Setup Constraints And Sort Netlist
Phase 1.2 Setup Constraints And Sort Netlist | Checksum: 1ba27b0a7

Time (s): cpu = 00:00:00 ; elapsed = 00:00:00.129 . Memory (MB): peak = 2036.852 ; gain = 0.000
Phase 1 Initialization | Checksum: 1ba27b0a7

Time (s): cpu = 00:00:00 ; elapsed = 00:00:00.137 . Memory (MB): peak = 2036.852 ; gain = 0.000

Phase 2 Timer Update And Timing Data Collection

Phase 2.1 Timer Update
Phase 2.1 Timer Update | Checksum: 1ba27b0a7

Time (s): cpu = 00:00:03 ; elapsed = 00:00:02 . Memory (MB): peak = 2036.852 ; gain = 0.000

Phase 2.2 Timing Data Collection
Phase 2.2 Timing Data Collection | Checksum: 1ba27b0a7

Time (s): cpu = 00:00:03 ; elapsed = 00:00:02 . Memory (MB): peak = 2036.852 ; gain = 0.000
Phase 2 Timer Update And Timing Data Collection | Checksum: 1ba27b0a7

Time (s): cpu = 00:00:03 ; elapsed = 00:00:02 . Memory (MB): peak = 2036.852 ; gain = 0.000

Phase 3 Retarget
INFO: [Opt 31-1851] Number of loadless carry chains removed were: 0
INFO: [Opt 31-1834] Total Chains To Be Transformed Were: 0 AND Number of Transformed insts Created are: 0
INFO: [Opt 31-1566] Pulled 15 inverters resulting in an inversion of 169 pins
INFO: [Opt 31-138] Pushed 28 inverter(s) to 112 load pin(s).
INFO: [Opt 31-49] Retargeted 0 cell(s).
Phase 3 Retarget | Checksum: 1f4116040

Time (s): cpu = 00:00:05 ; elapsed = 00:00:04 . Memory (MB): peak = 2036.852 ; gain = 0.000
Retarget | Checksum: 1f4116040
INFO: [Opt 31-389] Phase Retarget created 41 cells and removed 133 cells
INFO: [Opt 31-1021] In phase Retarget, 144 netlist objects are constrained preventing optimization. Please run opt_design with -debug_log to get more detail. 

Phase 4 Constant propagation
INFO: [Opt 31-138] Pushed 6 inverter(s) to 6 load pin(s).
Phase 4 Constant propagation | Checksum: 1aa0b8c76

Time (s): cpu = 00:00:05 ; elapsed = 00:00:04 . Memory (MB): peak = 2036.852 ; gain = 0.000
Constant propagation | Checksum: 1aa0b8c76
INFO: [Opt 31-389] Phase Constant propagation created 190 cells and removed 467 cells
INFO: [Opt 31-1021] In phase Constant propagation, 124 netlist objects are constrained preventing optimization. Please run opt_design with -debug_log to get more detail. 

Phase 5 Sweep
INFO: [Constraints 18-11670] Building netlist checker database with flags, 0x8
Done building netlist checker database: Time (s): cpu = 00:00:00 ; elapsed = 00:00:00.039 . Memory (MB): peak = 2036.852 ; gain = 0.000
INFO: [Constraints 18-11670] Building netlist checker database with flags, 0x8
Done building netlist checker database: Time (s): cpu = 00:00:00 ; elapsed = 00:00:00.052 . Memory (MB): peak = 2036.852 ; gain = 0.000
Phase 5 Sweep | Checksum: 21776dac1

Time (s): cpu = 00:00:08 ; elapsed = 00:00:07 . Memory (MB): peak = 2036.852 ; gain = 0.000
Sweep | Checksum: 21776dac1
INFO: [Opt 31-389] Phase Sweep created 1 cells and removed 319 cells
INFO: [Opt 31-1021] In phase Sweep, 162 netlist objects are constrained preventing optimization. Please run opt_design with -debug_log to get more detail. 

Phase 6 BUFG optimization
INFO: [Opt 31-194] Inserted BUFG design_1_i/mdm_1/U0/Use_E2.BSCAN_I/Dbg_Update_0_BUFG_inst to drive 40 load(s) on clock net design_1_i/mdm_1/U0/Use_E2.BSCAN_I/Dbg_Update_0_BUFG
INFO: [Opt 31-193] Inserted 1 BUFG(s) on clock nets
Phase 6 BUFG optimization | Checksum: 13733908c

Time (s): cpu = 00:00:09 ; elapsed = 00:00:08 . Memory (MB): peak = 2036.852 ; gain = 0.000
BUFG optimization | Checksum: 13733908c
INFO: [Opt 31-662] Phase BUFG optimization created 1 cells of which 1 are BUFGs and removed 0 cells.

Phase 7 Shift Register Optimization
INFO: [Opt 31-1064] SRL Remap converted 0 SRLs to 0 registers and converted 0 registers of register chains to 0 SRLs
Phase 7 Shift Register Optimization | Checksum: 13733908c

Time (s): cpu = 00:00:10 ; elapsed = 00:00:08 . Memory (MB): peak = 2036.852 ; gain = 0.000
Shift Register Optimization | Checksum: 13733908c
INFO: [Opt 31-389] Phase Shift Register Optimization created 0 cells and removed 0 cells

Phase 8 Post Processing Netlist
Phase 8 Post Processing Netlist | Checksum: 13733908c

Time (s): cpu = 00:00:10 ; elapsed = 00:00:08 . Memory (MB): peak = 2036.852 ; gain = 0.000
Post Processing Netlist | Checksum: 13733908c
INFO: [Opt 31-389] Phase Post Processing Netlist created 0 cells and removed 0 cells
INFO: [Opt 31-1021] In phase Post Processing Netlist, 139 netlist objects are constrained preventing optimization. Please run opt_design with -debug_log to get more detail. 

Phase 9 Finalization

Phase 9.1 Finalizing Design Cores and Updating Shapes
Phase 9.1 Finalizing Design Cores and Updating Shapes | Checksum: eaebf652

Time (s): cpu = 00:00:11 ; elapsed = 00:00:09 . Memory (MB): peak = 2036.852 ; gain = 0.000

Phase 9.2 Verifying Netlist Connectivity

Starting Connectivity Check Task

Time (s): cpu = 00:00:00 ; elapsed = 00:00:00.206 . Memory (MB): peak = 2036.852 ; gain = 0.000
Phase 9.2 Verifying Netlist Connectivity | Checksum: eaebf652

Time (s): cpu = 00:00:11 ; elapsed = 00:00:09 . Memory (MB): peak = 2036.852 ; gain = 0.000
Phase 9 Finalization | Checksum: eaebf652

Time (s): cpu = 00:00:11 ; elapsed = 00:00:09 . Memory (MB): peak = 2036.852 ; gain = 0.000
Opt_design Change Summary
=========================


-------------------------------------------------------------------------------------------------------------------------
|  Phase                        |  #Cells created  |  #Cells Removed  |  #Constrained objects preventing optimizations  |
-------------------------------------------------------------------------------------------------------------------------
|  Retarget                     |              41  |             133  |                                            144  |
|  Constant propagation         |             190  |             467  |                                            124  |
|  Sweep                        |               1  |             319  |                                            162  |
|  BUFG optimization            |               1  |               0  |                                              0  |
|  Shift Register Optimization  |               0  |               0  |                                              0  |
|  Post Processing Netlist      |               0  |               0  |                                            139  |
-------------------------------------------------------------------------------------------------------------------------


Ending Logic Optimization Task | Checksum: eaebf652

Time (s): cpu = 00:00:11 ; elapsed = 00:00:09 . Memory (MB): peak = 2036.852 ; gain = 0.000

Starting Power Optimization Task
INFO: [Pwropt 34-132] Skipping clock gating for clocks with a period < 2.00 ns.
INFO: [Timing 38-35] Done setting XDC timing constraints.
Running Vector-less Activity Propagation...
INFO: [Pwropt 34-9] Applying IDT optimizations ...
INFO: [Pwropt 34-10] Applying ODC optimizations ...

Finished Running Vector-less Activity Propagation


Starting PowerOpt Patch Enables Task
INFO: [Pwropt 34-162] WRITE_MODE attribute of 0 BRAM(s) out of a total of 196 has been updated to save power. Run report_power_opt to get a complete listing of the BRAMs updated.
INFO: [Pwropt 34-201] Structural ODC has moved 4 WE to EN ports
Number of BRAM Ports augmented: 72 newly gated: 8 Total Ports: 392
Number of Flops added for Enable Generation: 8

Ending PowerOpt Patch Enables Task | Checksum: 1b76f3831

Time (s): cpu = 00:00:02 ; elapsed = 00:00:01 . Memory (MB): peak = 2571.754 ; gain = 0.000
Ending Power Optimization Task | Checksum: 1b76f3831

Time (s): cpu = 00:01:02 ; elapsed = 00:00:33 . Memory (MB): peak = 2571.754 ; gain = 534.902

Starting Final Cleanup Task

Starting Logic Optimization Task
INFO: [Timing 38-35] Done setting XDC timing constraints.
Ending Logic Optimization Task | Checksum: 1ca684c3f

Time (s): cpu = 00:00:12 ; elapsed = 00:00:08 . Memory (MB): peak = 2571.754 ; gain = 0.000
Ending Final Cleanup Task | Checksum: 1ca684c3f

Time (s): cpu = 00:00:18 ; elapsed = 00:00:14 . Memory (MB): peak = 2571.754 ; gain = 0.000

Starting Netlist Obfuscation Task
Netlist sorting complete. Time (s): cpu = 00:00:00 ; elapsed = 00:00:00.029 . Memory (MB): peak = 2571.754 ; gain = 0.000
Ending Netlist Obfuscation Task | Checksum: 1ca684c3f

Time (s): cpu = 00:00:00 ; elapsed = 00:00:00.043 . Memory (MB): peak = 2571.754 ; gain = 0.000
INFO: [Common 17-83] Releasing license: Implementation
51 Infos, 47 Warnings, 21 Critical Warnings and 0 Errors encountered.
opt_design completed successfully
opt_design: Time (s): cpu = 00:01:47 ; elapsed = 00:01:09 . Memory (MB): peak = 2571.754 ; gain = 916.656
INFO: [Vivado 12-24828] Executing command : report_drc -file design_1_wrapper_drc_opted.rpt -pb design_1_wrapper_drc_opted.pb -rpx design_1_wrapper_drc_opted.rpx
Command: report_drc -file design_1_wrapper_drc_opted.rpt -pb design_1_wrapper_drc_opted.pb -rpx design_1_wrapper_drc_opted.rpx
INFO: [IP_Flow 19-1839] IP Catalog is up to date.
INFO: [DRC 23-27] Running DRC with 2 threads
INFO: [Vivado_Tcl 2-168] The results of DRC are in file C:/Users/jakem/ece383_wksp/final_project/final_project/final_project.runs/impl_1/design_1_wrapper_drc_opted.rpt.
report_drc completed successfully
report_drc: Time (s): cpu = 00:00:15 ; elapsed = 00:00:09 . Memory (MB): peak = 2571.754 ; gain = 0.000
generate_parallel_reports: Time (s): cpu = 00:00:15 ; elapsed = 00:00:09 . Memory (MB): peak = 2571.754 ; gain = 0.000
INFO: [Timing 38-35] Done setting XDC timing constraints.
INFO: [Timing 38-480] Writing timing data to binary archive.
Wrote PlaceDB: Time (s): cpu = 00:00:01 ; elapsed = 00:00:00.118 . Memory (MB): peak = 2571.754 ; gain = 0.000
Wrote PulsedLatchDB: Time (s): cpu = 00:00:00 ; elapsed = 00:00:00.001 . Memory (MB): peak = 2571.754 ; gain = 0.000
Writing XDEF routing.
Writing XDEF routing logical nets.
Writing XDEF routing special nets.
Wrote RouteStorage: Time (s): cpu = 00:00:01 ; elapsed = 00:00:00.311 . Memory (MB): peak = 2571.754 ; gain = 0.000
Wrote Netlist Cache: Time (s): cpu = 00:00:00 ; elapsed = 00:00:00.004 . Memory (MB): peak = 2571.754 ; gain = 0.000
Wrote Device Cache: Time (s): cpu = 00:00:00 ; elapsed = 00:00:00.028 . Memory (MB): peak = 2571.754 ; gain = 0.000
Write Physdb Complete: Time (s): cpu = 00:00:02 ; elapsed = 00:00:00.484 . Memory (MB): peak = 2571.754 ; gain = 0.000
Write ShapeDB Complete: Time (s): cpu = 00:00:02 ; elapsed = 00:00:00.653 . Memory (MB): peak = 2571.754 ; gain = 0.000
INFO: [Common 17-1381] The checkpoint 'C:/Users/jakem/ece383_wksp/final_project/final_project/final_project.runs/impl_1/design_1_wrapper_opt.dcp' has been generated.
write_checkpoint: Time (s): cpu = 00:00:26 ; elapsed = 00:00:19 . Memory (MB): peak = 2571.754 ; gain = 0.000
Command: place_design
Attempting to get a license for feature 'Implementation' and/or device 'xc7a200t'
INFO: [Common 17-349] Got license for feature 'Implementation' and/or device 'xc7a200t'
INFO: [Common 17-83] Releasing license: Implementation
INFO: [DRC 23-27] Running DRC with 2 threads
INFO: [Vivado_Tcl 4-198] DRC finished with 0 Errors
INFO: [Vivado_Tcl 4-199] Please refer to the DRC report (report_drc) for more information.
Running DRC as a precondition to command place_design
INFO: [DRC 23-27] Running DRC with 2 threads
INFO: [Vivado_Tcl 4-198] DRC finished with 0 Errors
INFO: [Vivado_Tcl 4-199] Please refer to the DRC report (report_drc) for more information.
INFO: [Place 30-611] Multithreading enabled for place_design using a maximum of 2 CPUs

Starting Placer Task

Phase 1 Placer Initialization

Phase 1.1 Placer Initialization Netlist Sorting
Netlist sorting complete. Time (s): cpu = 00:00:00 ; elapsed = 00:00:00.029 . Memory (MB): peak = 2571.754 ; gain = 0.000
Phase 1.1 Placer Initialization Netlist Sorting | Checksum: fa5b81e5

Time (s): cpu = 00:00:00 ; elapsed = 00:00:00.048 . Memory (MB): peak = 2571.754 ; gain = 0.000
Netlist sorting complete. Time (s): cpu = 00:00:00 ; elapsed = 00:00:00.025 . Memory (MB): peak = 2571.754 ; gain = 0.000

Phase 1.2 IO Placement/ Clock Placement/ Build Placer Device
Phase 1.2 IO Placement/ Clock Placement/ Build Placer Device | Checksum: 165340cfa

Time (s): cpu = 00:00:07 ; elapsed = 00:00:05 . Memory (MB): peak = 2571.754 ; gain = 0.000

Phase 1.3 Build Placer Netlist Model
CRITICAL WARNING: [Timing 38-1] MMCME2_ADV output pin(s) used on clock modifying cell design_1_i/My_Lab2_0/U0/My_Lab2_slave_lite_v1_0_S00_AXI_inst/datapath/Audio_Codec/audiocodec_master_clock/inst/mmcm_adv_inst (COMPENSATION=EXTERNAL) without a feedback net: CLKOUT0 CLKOUT1
Resolution: To properly work, the MMCM or PLL must be connected with a feedback loop. Connect the feedback clock pin of the MMCM or PLL to the correct feedback net. The feedback net cannot be connected to a constant signal.
Phase 1.3 Build Placer Netlist Model | Checksum: 2a4d62429

Time (s): cpu = 00:00:35 ; elapsed = 00:00:24 . Memory (MB): peak = 2571.754 ; gain = 0.000

Phase 1.4 Constrain Clocks/Macros
Phase 1.4 Constrain Clocks/Macros | Checksum: 2a4d62429

Time (s): cpu = 00:00:35 ; elapsed = 00:00:24 . Memory (MB): peak = 2571.754 ; gain = 0.000
Phase 1 Placer Initialization | Checksum: 2a4d62429

Time (s): cpu = 00:00:36 ; elapsed = 00:00:24 . Memory (MB): peak = 2571.754 ; gain = 0.000

Phase 2 Global Placement

Phase 2.1 Floorplanning
Phase 2.1 Floorplanning | Checksum: 30df59522

Time (s): cpu = 00:00:49 ; elapsed = 00:00:32 . Memory (MB): peak = 2571.754 ; gain = 0.000

Phase 2.2 Update Timing before SLR Path Opt
Phase 2.2 Update Timing before SLR Path Opt | Checksum: 2db224958

Time (s): cpu = 00:00:59 ; elapsed = 00:00:38 . Memory (MB): peak = 2571.754 ; gain = 0.000

Phase 2.3 Post-Processing in Floorplanning
Phase 2.3 Post-Processing in Floorplanning | Checksum: 2db224958

Time (s): cpu = 00:01:00 ; elapsed = 00:00:38 . Memory (MB): peak = 2571.754 ; gain = 0.000

Phase 2.4 Global Place Phase1
Phase 2.4 Global Place Phase1 | Checksum: 1f205d3be

Time (s): cpu = 00:02:12 ; elapsed = 00:01:26 . Memory (MB): peak = 2571.754 ; gain = 0.000

Phase 2.5 Global Place Phase2

Phase 2.5.1 UpdateTiming Before Physical Synthesis
Phase 2.5.1 UpdateTiming Before Physical Synthesis | Checksum: 1db9db95e

Time (s): cpu = 00:02:21 ; elapsed = 00:01:31 . Memory (MB): peak = 2571.754 ; gain = 0.000

Phase 2.5.2 Physical Synthesis In Placer
INFO: [Physopt 32-1035] Found 3 LUTNM shape to break, 1413 LUT instances to create LUTNM shape
INFO: [Physopt 32-1044] Break lutnm for timing: one critical 3, two critical 0, total 3, new lutff created 0
INFO: [Physopt 32-1138] End 1 Pass. Optimized 621 nets or LUTs. Breaked 3 LUTs, combined 618 existing LUTs and moved 0 existing LUT
INFO: [Physopt 32-65] No nets found for high-fanout optimization.
INFO: [Physopt 32-232] Optimized 0 net. Created 0 new instance.
INFO: [Physopt 32-775] End 1 Pass. Optimized 0 net or cell. Created 0 new cell, deleted 0 existing cell and moved 0 existing cell
INFO: [Physopt 32-456] No candidate cells for DSP register optimization found in the design.
INFO: [Physopt 32-775] End 2 Pass. Optimized 0 net or cell. Created 0 new cell, deleted 0 existing cell and moved 0 existing cell
INFO: [Physopt 32-1123] No candidate cells found for Shift Register to Pipeline optimization
INFO: [Physopt 32-775] End 2 Pass. Optimized 0 net or cell. Created 0 new cell, deleted 0 existing cell and moved 0 existing cell
INFO: [Physopt 32-1401] No candidate cells found for Shift Register optimization.
INFO: [Physopt 32-677] No candidate cells for Shift Register optimization found in the design
INFO: [Physopt 32-775] End 1 Pass. Optimized 0 net or cell. Created 0 new cell, deleted 0 existing cell and moved 0 existing cell
INFO: [Physopt 32-526] No candidate cells for BRAM register optimization found in the design
INFO: [Physopt 32-775] End 1 Pass. Optimized 0 net or cell. Created 0 new cell, deleted 0 existing cell and moved 0 existing cell
INFO: [Physopt 32-846] No candidate cells for URAM register optimization found in the design
INFO: [Physopt 32-775] End 1 Pass. Optimized 0 net or cell. Created 0 new cell, deleted 0 existing cell and moved 0 existing cell
INFO: [Physopt 32-846] No candidate cells for URAM register optimization found in the design
INFO: [Physopt 32-775] End 1 Pass. Optimized 0 net or cell. Created 0 new cell, deleted 0 existing cell and moved 0 existing cell
INFO: [Physopt 32-949] No candidate nets found for dynamic/static region interface net replication
INFO: [Physopt 32-775] End 1 Pass. Optimized 0 net or cell. Created 0 new cell, deleted 0 existing cell and moved 0 existing cell
Netlist sorting complete. Time (s): cpu = 00:00:00 ; elapsed = 00:00:00.017 . Memory (MB): peak = 2571.754 ; gain = 0.000

Summary of Physical Synthesis Optimizations
============================================


-----------------------------------------------------------------------------------------------------------------------------------------------------------
|  Optimization                                     |  Added Cells  |  Removed Cells  |  Optimized Cells/Nets  |  Dont Touch  |  Iterations  |  Elapsed   |
-----------------------------------------------------------------------------------------------------------------------------------------------------------
|  LUT Combining                                    |            3  |            618  |                   621  |           0  |           1  |  00:00:02  |
|  Retime                                           |            0  |              0  |                     0  |           0  |           1  |  00:00:00  |
|  Very High Fanout                                 |            0  |              0  |                     0  |           0  |           1  |  00:00:00  |
|  DSP Register                                     |            0  |              0  |                     0  |           0  |           1  |  00:00:00  |
|  Shift Register to Pipeline                       |            0  |              0  |                     0  |           0  |           1  |  00:00:00  |
|  Shift Register                                   |            0  |              0  |                     0  |           0  |           1  |  00:00:00  |
|  BRAM Register                                    |            0  |              0  |                     0  |           0  |           1  |  00:00:00  |
|  URAM Register                                    |            0  |              0  |                     0  |           0  |           1  |  00:00:00  |
|  Dynamic/Static Region Interface Net Replication  |            0  |              0  |                     0  |           0  |           1  |  00:00:00  |
|  Total                                            |            3  |            618  |                   621  |           0  |           9  |  00:00:02  |
-----------------------------------------------------------------------------------------------------------------------------------------------------------


Phase 2.5.2 Physical Synthesis In Placer | Checksum: 123f22d38

Time (s): cpu = 00:02:33 ; elapsed = 00:01:39 . Memory (MB): peak = 2571.754 ; gain = 0.000
Phase 2.5 Global Place Phase2 | Checksum: 1d242cc37

Time (s): cpu = 00:02:45 ; elapsed = 00:01:49 . Memory (MB): peak = 2571.754 ; gain = 0.000
Phase 2 Global Placement | Checksum: 1d242cc37

Time (s): cpu = 00:02:45 ; elapsed = 00:01:49 . Memory (MB): peak = 2571.754 ; gain = 0.000

Phase 3 Detail Placement

Phase 3.1 Commit Multi Column Macros
Phase 3.1 Commit Multi Column Macros | Checksum: 1c31ab7c5

Time (s): cpu = 00:02:56 ; elapsed = 00:01:55 . Memory (MB): peak = 2571.754 ; gain = 0.000

Phase 3.2 Commit Most Macros & LUTRAMs
Phase 3.2 Commit Most Macros & LUTRAMs | Checksum: 1e49147a1

Time (s): cpu = 00:03:15 ; elapsed = 00:02:06 . Memory (MB): peak = 2571.754 ; gain = 0.000

Phase 3.3 Area Swap Optimization
Phase 3.3 Area Swap Optimization | Checksum: 13f6ef0f8

Time (s): cpu = 00:03:16 ; elapsed = 00:02:08 . Memory (MB): peak = 2571.754 ; gain = 0.000

Phase 3.4 Pipeline Register Optimization
Phase 3.4 Pipeline Register Optimization | Checksum: 11a4cea6e

Time (s): cpu = 00:03:17 ; elapsed = 00:02:08 . Memory (MB): peak = 2571.754 ; gain = 0.000

Phase 3.5 Small Shape Detail Placement
Phase 3.5 Small Shape Detail Placement | Checksum: 17a72e6d2

Time (s): cpu = 00:03:50 ; elapsed = 00:02:44 . Memory (MB): peak = 2571.754 ; gain = 0.000

Phase 3.6 Re-assign LUT pins
Phase 3.6 Re-assign LUT pins | Checksum: 1533e00a6

Time (s): cpu = 00:03:56 ; elapsed = 00:02:50 . Memory (MB): peak = 2571.754 ; gain = 0.000

Phase 3.7 Pipeline Register Optimization
Phase 3.7 Pipeline Register Optimization | Checksum: 167893b38

Time (s): cpu = 00:03:57 ; elapsed = 00:02:50 . Memory (MB): peak = 2571.754 ; gain = 0.000
Phase 3 Detail Placement | Checksum: 167893b38

Time (s): cpu = 00:03:58 ; elapsed = 00:02:51 . Memory (MB): peak = 2571.754 ; gain = 0.000

Phase 4 Post Placement Optimization and Clean-Up

Phase 4.1 Post Commit Optimization
INFO: [Timing 38-35] Done setting XDC timing constraints.
CRITICAL WARNING: [Timing 38-1] MMCME2_ADV output pin(s) used on clock modifying cell design_1_i/My_Lab2_0/U0/My_Lab2_slave_lite_v1_0_S00_AXI_inst/datapath/Audio_Codec/audiocodec_master_clock/inst/mmcm_adv_inst (COMPENSATION=EXTERNAL) without a feedback net: CLKOUT0 CLKOUT1
Resolution: To properly work, the MMCM or PLL must be connected with a feedback loop. Connect the feedback clock pin of the MMCM or PLL to the correct feedback net. The feedback net cannot be connected to a constant signal.

Phase 4.1.1 Post Placement Optimization
Post Placement Optimization Initialization | Checksum: 200204beb

Phase 4.1.1.1 BUFG Insertion

Starting Physical Synthesis Task

Phase 1 Physical Synthesis Initialization
INFO: [Physopt 32-721] Multithreading enabled for phys_opt_design using a maximum of 2 CPUs
INFO: [Physopt 32-619] Estimated Timing Summary | WNS=0.565 | TNS=0.000 |
Phase 1 Physical Synthesis Initialization | Checksum: 191e6fe4d

Time (s): cpu = 00:00:05 ; elapsed = 00:00:04 . Memory (MB): peak = 2571.754 ; gain = 0.000
INFO: [Place 46-33] Processed net design_1_i/My_Lab2_0/U0/My_Lab2_slave_lite_v1_0_S00_AXI_inst/datapath/Audio_Codec/audio_inout/ACTIVE_LOW_PR_OUT_DFF[0].FDRE_PER_N, BUFG insertion was skipped due to placement/routing conflicts.
INFO: [Place 46-56] BUFG insertion identified 1 candidate nets. Inserted BUFG: 0, Replicated BUFG Driver: 0, Skipped due to Placement/Routing Conflicts: 1, Skipped due to Timing Degradation: 0, Skipped due to netlist editing failed: 0.
Ending Physical Synthesis Task | Checksum: 26a9cdbec

Time (s): cpu = 00:00:09 ; elapsed = 00:00:06 . Memory (MB): peak = 2571.754 ; gain = 0.000
Phase 4.1.1.1 BUFG Insertion | Checksum: 200204beb

Time (s): cpu = 00:04:43 ; elapsed = 00:03:19 . Memory (MB): peak = 2571.754 ; gain = 0.000

Phase 4.1.1.2 Post Placement Timing Optimization
INFO: [Place 30-746] Post Placement Timing Summary WNS=0.565. For the most accurate timing information please run report_timing.
Phase 4.1.1.2 Post Placement Timing Optimization | Checksum: 25baad76f

Time (s): cpu = 00:04:44 ; elapsed = 00:03:20 . Memory (MB): peak = 2571.754 ; gain = 0.000

Time (s): cpu = 00:04:44 ; elapsed = 00:03:20 . Memory (MB): peak = 2571.754 ; gain = 0.000
Phase 4.1 Post Commit Optimization | Checksum: 25baad76f

Time (s): cpu = 00:04:44 ; elapsed = 00:03:20 . Memory (MB): peak = 2571.754 ; gain = 0.000

Phase 4.2 Post Placement Cleanup
Phase 4.2 Post Placement Cleanup | Checksum: 25baad76f

Time (s): cpu = 00:04:46 ; elapsed = 00:03:21 . Memory (MB): peak = 2571.754 ; gain = 0.000

Phase 4.3 Placer Reporting

Phase 4.3.1 Print Estimated Congestion
INFO: [Place 30-612] Post-Placement Estimated Congestion 
 ____________________________________________________
|           | Global Congestion | Short Congestion  |
| Direction | Region Size       | Region Size       |
|___________|___________________|___________________|
|      North|                1x1|                2x2|
|___________|___________________|___________________|
|      South|                1x1|                4x4|
|___________|___________________|___________________|
|       East|                1x1|                1x1|
|___________|___________________|___________________|
|       West|                1x1|                1x1|
|___________|___________________|___________________|

Phase 4.3.1 Print Estimated Congestion | Checksum: 25baad76f

Time (s): cpu = 00:04:46 ; elapsed = 00:03:21 . Memory (MB): peak = 2571.754 ; gain = 0.000
Phase 4.3 Placer Reporting | Checksum: 25baad76f

Time (s): cpu = 00:04:47 ; elapsed = 00:03:22 . Memory (MB): peak = 2571.754 ; gain = 0.000

Phase 4.4 Final Placement Cleanup
Netlist sorting complete. Time (s): cpu = 00:00:00 ; elapsed = 00:00:00.025 . Memory (MB): peak = 2571.754 ; gain = 0.000

Time (s): cpu = 00:04:47 ; elapsed = 00:03:22 . Memory (MB): peak = 2571.754 ; gain = 0.000
Phase 4 Post Placement Optimization and Clean-Up | Checksum: 22dd218f0

Time (s): cpu = 00:04:48 ; elapsed = 00:03:22 . Memory (MB): peak = 2571.754 ; gain = 0.000
Ending Placer Task | Checksum: 16cb75313

Time (s): cpu = 00:04:48 ; elapsed = 00:03:22 . Memory (MB): peak = 2571.754 ; gain = 0.000
95 Infos, 47 Warnings, 23 Critical Warnings and 0 Errors encountered.
place_design completed successfully
place_design: Time (s): cpu = 00:05:02 ; elapsed = 00:03:30 . Memory (MB): peak = 2571.754 ; gain = 0.000
INFO: [Vivado 12-24838] Running report commands "report_control_sets, report_io, report_utilization" in parallel.
Running report generation with 2 threads.
INFO: [Vivado 12-24828] Executing command : report_io -file design_1_wrapper_io_placed.rpt
report_io: Time (s): cpu = 00:00:01 ; elapsed = 00:00:00.179 . Memory (MB): peak = 2571.754 ; gain = 0.000
INFO: [Vivado 12-24828] Executing command : report_control_sets -verbose -file design_1_wrapper_control_sets_placed.rpt
report_control_sets: Time (s): cpu = 00:00:00 ; elapsed = 00:00:00.238 . Memory (MB): peak = 2571.754 ; gain = 0.000
INFO: [Vivado 12-24828] Executing command : report_utilization -file design_1_wrapper_utilization_placed.rpt -pb design_1_wrapper_utilization_placed.pb
INFO: [Timing 38-480] Writing timing data to binary archive.
Write ShapeDB Complete: Time (s): cpu = 00:00:02 ; elapsed = 00:00:00.545 . Memory (MB): peak = 2571.754 ; gain = 0.000
Wrote PlaceDB: Time (s): cpu = 00:00:26 ; elapsed = 00:00:11 . Memory (MB): peak = 2571.754 ; gain = 0.000
Wrote PulsedLatchDB: Time (s): cpu = 00:00:00 ; elapsed = 00:00:00 . Memory (MB): peak = 2571.754 ; gain = 0.000
Writing XDEF routing.
Writing XDEF routing logical nets.
Writing XDEF routing special nets.
Wrote RouteStorage: Time (s): cpu = 00:00:00 ; elapsed = 00:00:00.089 . Memory (MB): peak = 2571.754 ; gain = 0.000
Wrote Netlist Cache: Time (s): cpu = 00:00:00 ; elapsed = 00:00:00.158 . Memory (MB): peak = 2571.754 ; gain = 0.000
Wrote Device Cache: Time (s): cpu = 00:00:00 ; elapsed = 00:00:00.017 . Memory (MB): peak = 2571.754 ; gain = 0.000
Write Physdb Complete: Time (s): cpu = 00:00:26 ; elapsed = 00:00:12 . Memory (MB): peak = 2571.754 ; gain = 0.000
INFO: [Common 17-1381] The checkpoint 'C:/Users/jakem/ece383_wksp/final_project/final_project/final_project.runs/impl_1/design_1_wrapper_placed.dcp' has been generated.
write_checkpoint: Time (s): cpu = 00:00:37 ; elapsed = 00:00:20 . Memory (MB): peak = 2571.754 ; gain = 0.000
Command: phys_opt_design
Attempting to get a license for feature 'Implementation' and/or device 'xc7a200t'
INFO: [Common 17-349] Got license for feature 'Implementation' and/or device 'xc7a200t'

Starting Initial Update Timing Task
CRITICAL WARNING: [Timing 38-1] MMCME2_ADV output pin(s) used on clock modifying cell design_1_i/My_Lab2_0/U0/My_Lab2_slave_lite_v1_0_S00_AXI_inst/datapath/Audio_Codec/audiocodec_master_clock/inst/mmcm_adv_inst (COMPENSATION=EXTERNAL) without a feedback net: CLKOUT0 CLKOUT1
Resolution: To properly work, the MMCM or PLL must be connected with a feedback loop. Connect the feedback clock pin of the MMCM or PLL to the correct feedback net. The feedback net cannot be connected to a constant signal.

Time (s): cpu = 00:00:23 ; elapsed = 00:00:13 . Memory (MB): peak = 2571.754 ; gain = 0.000
INFO: [Vivado_Tcl 4-2279] Estimated Timing Summary | WNS= 0.565 | TNS= 0.000 | 
INFO: [Vivado_Tcl 4-383] Design worst setup slack (WNS) is greater than or equal to 0.000 ns. All physical synthesis setup optimizations will be skipped.
INFO: [Vivado_Tcl 4-232] No setup violation found. The netlist was not modified.
INFO: [Common 17-83] Releasing license: Implementation
106 Infos, 47 Warnings, 24 Critical Warnings and 0 Errors encountered.
phys_opt_design completed successfully
phys_opt_design: Time (s): cpu = 00:00:24 ; elapsed = 00:00:13 . Memory (MB): peak = 2571.754 ; gain = 0.000
INFO: [Timing 38-480] Writing timing data to binary archive.
Write ShapeDB Complete: Time (s): cpu = 00:00:02 ; elapsed = 00:00:00.579 . Memory (MB): peak = 2571.754 ; gain = 0.000
Wrote PlaceDB: Time (s): cpu = 00:00:24 ; elapsed = 00:00:11 . Memory (MB): peak = 2571.754 ; gain = 0.000
Wrote PulsedLatchDB: Time (s): cpu = 00:00:00 ; elapsed = 00:00:00 . Memory (MB): peak = 2571.754 ; gain = 0.000
Writing XDEF routing.
Writing XDEF routing logical nets.
Writing XDEF routing special nets.
Wrote RouteStorage: Time (s): cpu = 00:00:00 ; elapsed = 00:00:00.101 . Memory (MB): peak = 2571.754 ; gain = 0.000
Wrote Netlist Cache: Time (s): cpu = 00:00:00 ; elapsed = 00:00:00.173 . Memory (MB): peak = 2571.754 ; gain = 0.000
Wrote Device Cache: Time (s): cpu = 00:00:00 ; elapsed = 00:00:00.018 . Memory (MB): peak = 2571.754 ; gain = 0.000
Write Physdb Complete: Time (s): cpu = 00:00:24 ; elapsed = 00:00:11 . Memory (MB): peak = 2571.754 ; gain = 0.000
INFO: [Common 17-1381] The checkpoint 'C:/Users/jakem/ece383_wksp/final_project/final_project/final_project.runs/impl_1/design_1_wrapper_physopt.dcp' has been generated.
write_checkpoint: Time (s): cpu = 00:00:26 ; elapsed = 00:00:15 . Memory (MB): peak = 2571.754 ; gain = 0.000
Command: route_design
Attempting to get a license for feature 'Implementation' and/or device 'xc7a200t'
INFO: [Common 17-349] Got license for feature 'Implementation' and/or device 'xc7a200t'


Starting Routing Task
INFO: [Route 35-254] Multithreading enabled for route_design using a maximum of 2 CPUs

Phase 1 Build RT Design
Checksum: PlaceDB: a62b2c94 ConstDB: 0 ShapeSum: 2e713b1b RouteDB: 981aeb64
CRITICAL WARNING: [Timing 38-1] MMCME2_ADV output pin(s) used on clock modifying cell design_1_i/My_Lab2_0/U0/My_Lab2_slave_lite_v1_0_S00_AXI_inst/datapath/Audio_Codec/audiocodec_master_clock/inst/mmcm_adv_inst (COMPENSATION=EXTERNAL) without a feedback net: CLKOUT0 CLKOUT1
Resolution: To properly work, the MMCM or PLL must be connected with a feedback loop. Connect the feedback clock pin of the MMCM or PLL to the correct feedback net. The feedback net cannot be connected to a constant signal.
Post Restoration Checksum: NetGraph: 6c5fe8b6 | NumContArr: 7196e5bd | Constraints: c2a8fa9d | Timing: c2a8fa9d
Phase 1 Build RT Design | Checksum: 26348c3ad

Time (s): cpu = 00:01:42 ; elapsed = 00:01:19 . Memory (MB): peak = 2662.223 ; gain = 90.469

Phase 2 Router Initialization

Phase 2.1 Fix Topology Constraints
Phase 2.1 Fix Topology Constraints | Checksum: 26348c3ad

Time (s): cpu = 00:01:43 ; elapsed = 00:01:19 . Memory (MB): peak = 2662.746 ; gain = 90.992

Phase 2.2 Pre Route Cleanup
Phase 2.2 Pre Route Cleanup | Checksum: 26348c3ad

Time (s): cpu = 00:01:43 ; elapsed = 00:01:19 . Memory (MB): peak = 2662.746 ; gain = 90.992
 Number of Nodes with overlaps = 0

Phase 2.3 Update Timing
CRITICAL WARNING: [Timing 38-1] MMCME2_ADV output pin(s) used on clock modifying cell design_1_i/My_Lab2_0/U0/My_Lab2_slave_lite_v1_0_S00_AXI_inst/datapath/Audio_Codec/audiocodec_master_clock/inst/mmcm_adv_inst (COMPENSATION=EXTERNAL) without a feedback net: CLKOUT0 CLKOUT1
Resolution: To properly work, the MMCM or PLL must be connected with a feedback loop. Connect the feedback clock pin of the MMCM or PLL to the correct feedback net. The feedback net cannot be connected to a constant signal.
Phase 2.3 Update Timing | Checksum: 24f0826f1

Time (s): cpu = 00:02:08 ; elapsed = 00:01:36 . Memory (MB): peak = 2784.098 ; gain = 212.344
INFO: [Route 35-416] Intermediate Timing Summary | WNS=0.563  | TNS=0.000  | WHS=-0.470 | THS=-312.278|


Phase 2.4 Update Timing for Bus Skew

Phase 2.4.1 Update Timing
CRITICAL WARNING: [Timing 38-1] MMCME2_ADV output pin(s) used on clock modifying cell design_1_i/My_Lab2_0/U0/My_Lab2_slave_lite_v1_0_S00_AXI_inst/datapath/Audio_Codec/audiocodec_master_clock/inst/mmcm_adv_inst (COMPENSATION=EXTERNAL) without a feedback net: CLKOUT0 CLKOUT1
Resolution: To properly work, the MMCM or PLL must be connected with a feedback loop. Connect the feedback clock pin of the MMCM or PLL to the correct feedback net. The feedback net cannot be connected to a constant signal.
Phase 2.4.1 Update Timing | Checksum: 23bf57054

Time (s): cpu = 00:02:30 ; elapsed = 00:01:48 . Memory (MB): peak = 2848.016 ; gain = 276.262
INFO: [Route 35-416] Intermediate Timing Summary | WNS=0.563  | TNS=0.000  | WHS=-0.284 | THS=-6.298 |

Phase 2.4 Update Timing for Bus Skew | Checksum: 23bf57054

Time (s): cpu = 00:02:30 ; elapsed = 00:01:48 . Memory (MB): peak = 2848.016 ; gain = 276.262

Router Utilization Summary
  Global Vertical Routing Utilization    = 0.00115396 %
  Global Horizontal Routing Utilization  = 0.00194977 %
  Routable Net Status*
  *Does not include unroutable nets such as driverless and loadless.
  Run report_route_status for detailed report.
  Number of Failed Nets               = 44628
    (Failed Nets is the sum of unrouted and partially routed nets)
  Number of Unrouted Nets             = 44615
  Number of Partially Routed Nets     = 13
  Number of Node Overlaps             = 3

Phase 2 Router Initialization | Checksum: 21eba2d01

Time (s): cpu = 00:02:32 ; elapsed = 00:01:49 . Memory (MB): peak = 2854.422 ; gain = 282.668

Phase 3 Global Routing
Phase 3 Global Routing | Checksum: 21eba2d01

Time (s): cpu = 00:02:32 ; elapsed = 00:01:49 . Memory (MB): peak = 2854.422 ; gain = 282.668

Phase 4 Initial Routing

Phase 4.1 Initial Net Routing Pass
Phase 4.1 Initial Net Routing Pass | Checksum: 3500af23d

Time (s): cpu = 00:03:39 ; elapsed = 00:02:24 . Memory (MB): peak = 3054.391 ; gain = 482.637
Phase 4 Initial Routing | Checksum: 3500af23d

Time (s): cpu = 00:03:39 ; elapsed = 00:02:24 . Memory (MB): peak = 3054.391 ; gain = 482.637

Phase 5 Rip-up And Reroute

Phase 5.1 Global Iteration 0
 Number of Nodes with overlaps = 12007
 Number of Nodes with overlaps = 493
 Number of Nodes with overlaps = 61
 Number of Nodes with overlaps = 11
 Number of Nodes with overlaps = 4
 Number of Nodes with overlaps = 0
CRITICAL WARNING: [Timing 38-1] MMCME2_ADV output pin(s) used on clock modifying cell design_1_i/My_Lab2_0/U0/My_Lab2_slave_lite_v1_0_S00_AXI_inst/datapath/Audio_Codec/audiocodec_master_clock/inst/mmcm_adv_inst (COMPENSATION=EXTERNAL) without a feedback net: CLKOUT0 CLKOUT1
Resolution: To properly work, the MMCM or PLL must be connected with a feedback loop. Connect the feedback clock pin of the MMCM or PLL to the correct feedback net. The feedback net cannot be connected to a constant signal.
INFO: [Route 35-416] Intermediate Timing Summary | WNS=0.919  | TNS=0.000  | WHS=N/A    | THS=N/A    |

Phase 5.1 Global Iteration 0 | Checksum: 2a9613e08

Time (s): cpu = 00:05:16 ; elapsed = 00:03:45 . Memory (MB): peak = 3054.391 ; gain = 482.637

Phase 5.2 Global Iteration 1
 Number of Nodes with overlaps = 4
 Number of Nodes with overlaps = 7
 Number of Nodes with overlaps = 4
 Number of Nodes with overlaps = 0
INFO: [Route 35-416] Intermediate Timing Summary | WNS=0.919  | TNS=0.000  | WHS=N/A    | THS=N/A    |

Phase 5.2 Global Iteration 1 | Checksum: 23968de08

Time (s): cpu = 00:05:22 ; elapsed = 00:03:50 . Memory (MB): peak = 3054.391 ; gain = 482.637

Phase 5.3 Global Iteration 2
 Number of Nodes with overlaps = 0
INFO: [Route 35-416] Intermediate Timing Summary | WNS=0.919  | TNS=0.000  | WHS=N/A    | THS=N/A    |

Phase 5.3 Global Iteration 2 | Checksum: 2636fde21

Time (s): cpu = 00:05:24 ; elapsed = 00:03:50 . Memory (MB): peak = 3054.391 ; gain = 482.637
Phase 5 Rip-up And Reroute | Checksum: 2636fde21

Time (s): cpu = 00:05:24 ; elapsed = 00:03:51 . Memory (MB): peak = 3054.391 ; gain = 482.637

Phase 6 Delay and Skew Optimization

Phase 6.1 Delay CleanUp
Phase 6.1 Delay CleanUp | Checksum: 2636fde21

Time (s): cpu = 00:05:24 ; elapsed = 00:03:51 . Memory (MB): peak = 3054.391 ; gain = 482.637

Phase 6.2 Clock Skew Optimization
Phase 6.2 Clock Skew Optimization | Checksum: 2636fde21

Time (s): cpu = 00:05:24 ; elapsed = 00:03:51 . Memory (MB): peak = 3054.391 ; gain = 482.637
Phase 6 Delay and Skew Optimization | Checksum: 2636fde21

Time (s): cpu = 00:05:25 ; elapsed = 00:03:51 . Memory (MB): peak = 3054.391 ; gain = 482.637

Phase 7 Post Hold Fix

Phase 7.1 Hold Fix Iter
INFO: [Route 35-416] Intermediate Timing Summary | WNS=0.919  | TNS=0.000  | WHS=0.014  | THS=0.000  |

Phase 7.1 Hold Fix Iter | Checksum: 1dd18e730

Time (s): cpu = 00:05:29 ; elapsed = 00:03:54 . Memory (MB): peak = 3054.391 ; gain = 482.637
Phase 7 Post Hold Fix | Checksum: 1dd18e730

Time (s): cpu = 00:05:29 ; elapsed = 00:03:54 . Memory (MB): peak = 3054.391 ; gain = 482.637

Phase 8 Route finalize

Router Utilization Summary
  Global Vertical Routing Utilization    = 6.2349 %
  Global Horizontal Routing Utilization  = 8.2191 %
  Routable Net Status*
  *Does not include unroutable nets such as driverless and loadless.
  Run report_route_status for detailed report.
  Number of Failed Nets               = 0
    (Failed Nets is the sum of unrouted and partially routed nets)
  Number of Unrouted Nets             = 0
  Number of Partially Routed Nets     = 0
  Number of Node Overlaps             = 0

Phase 8 Route finalize | Checksum: 1dd18e730

Time (s): cpu = 00:05:30 ; elapsed = 00:03:54 . Memory (MB): peak = 3054.391 ; gain = 482.637

Phase 9 Verifying routed nets

 Verification completed successfully
Phase 9 Verifying routed nets | Checksum: 1dd18e730

Time (s): cpu = 00:05:30 ; elapsed = 00:03:54 . Memory (MB): peak = 3054.391 ; gain = 482.637

Phase 10 Depositing Routes
Phase 10 Depositing Routes | Checksum: 2988071b0

Time (s): cpu = 00:05:36 ; elapsed = 00:03:59 . Memory (MB): peak = 3054.391 ; gain = 482.637

Phase 11 Post Process Routing
Phase 11 Post Process Routing | Checksum: 2988071b0

Time (s): cpu = 00:05:37 ; elapsed = 00:03:59 . Memory (MB): peak = 3054.391 ; gain = 482.637

Phase 12 Post Router Timing
INFO: [Route 35-57] Estimated Timing Summary | WNS=0.919  | TNS=0.000  | WHS=0.014  | THS=0.000  |

INFO: [Route 35-327] The final timing numbers are based on the router estimated timing analysis. For a complete and accurate timing signoff, please run report_timing_summary.
Phase 12 Post Router Timing | Checksum: 2988071b0

Time (s): cpu = 00:05:37 ; elapsed = 00:03:59 . Memory (MB): peak = 3054.391 ; gain = 482.637
Total Elapsed time in route_design: 239.101 secs

Phase 13 Post-Route Event Processing
Phase 13 Post-Route Event Processing | Checksum: 1d197814a

Time (s): cpu = 00:05:37 ; elapsed = 00:03:59 . Memory (MB): peak = 3054.391 ; gain = 482.637
INFO: [Route 35-16] Router Completed Successfully
Ending Routing Task | Checksum: 1d197814a

Time (s): cpu = 00:05:38 ; elapsed = 00:04:00 . Memory (MB): peak = 3054.391 ; gain = 482.637

Routing Is Done.
INFO: [Common 17-83] Releasing license: Implementation
120 Infos, 47 Warnings, 28 Critical Warnings and 0 Errors encountered.
route_design completed successfully
route_design: Time (s): cpu = 00:05:39 ; elapsed = 00:04:00 . Memory (MB): peak = 3054.391 ; gain = 482.637
INFO: [Vivado 12-24828] Executing command : report_drc -file design_1_wrapper_drc_routed.rpt -pb design_1_wrapper_drc_routed.pb -rpx design_1_wrapper_drc_routed.rpx
Command: report_drc -file design_1_wrapper_drc_routed.rpt -pb design_1_wrapper_drc_routed.pb -rpx design_1_wrapper_drc_routed.rpx
INFO: [IP_Flow 19-1839] IP Catalog is up to date.
INFO: [DRC 23-27] Running DRC with 2 threads
INFO: [Vivado_Tcl 2-168] The results of DRC are in file C:/Users/jakem/ece383_wksp/final_project/final_project/final_project.runs/impl_1/design_1_wrapper_drc_routed.rpt.
report_drc completed successfully
report_drc: Time (s): cpu = 00:00:19 ; elapsed = 00:00:10 . Memory (MB): peak = 3054.391 ; gain = 0.000
INFO: [Vivado 12-24828] Executing command : report_methodology -file design_1_wrapper_methodology_drc_routed.rpt -pb design_1_wrapper_methodology_drc_routed.pb -rpx design_1_wrapper_methodology_drc_routed.rpx
Command: report_methodology -file design_1_wrapper_methodology_drc_routed.rpt -pb design_1_wrapper_methodology_drc_routed.pb -rpx design_1_wrapper_methodology_drc_routed.rpx
INFO: [Timing 38-35] Done setting XDC timing constraints.
CRITICAL WARNING: [Timing 38-1] MMCME2_ADV output pin(s) used on clock modifying cell design_1_i/My_Lab2_0/U0/My_Lab2_slave_lite_v1_0_S00_AXI_inst/datapath/Audio_Codec/audiocodec_master_clock/inst/mmcm_adv_inst (COMPENSATION=EXTERNAL) without a feedback net: CLKOUT0 CLKOUT1
Resolution: To properly work, the MMCM or PLL must be connected with a feedback loop. Connect the feedback clock pin of the MMCM or PLL to the correct feedback net. The feedback net cannot be connected to a constant signal.
INFO: [DRC 23-133] Running Methodology with 2 threads
INFO: [Vivado_Tcl 2-1520] The results of Report Methodology are in file C:/Users/jakem/ece383_wksp/final_project/final_project/final_project.runs/impl_1/design_1_wrapper_methodology_drc_routed.rpt.
report_methodology completed successfully
report_methodology: Time (s): cpu = 00:00:37 ; elapsed = 00:00:20 . Memory (MB): peak = 3054.391 ; gain = 0.000
INFO: [Vivado 12-24828] Executing command : report_timing_summary -max_paths 10 -report_unconstrained -file design_1_wrapper_timing_summary_routed.rpt -pb design_1_wrapper_timing_summary_routed.pb -rpx design_1_wrapper_timing_summary_routed.rpx -warn_on_violation 
INFO: [Timing 38-35] Done setting XDC timing constraints.
INFO: [Timing 38-91] UpdateTimingParams: Speed grade: -1, Delay Type: min_max.
INFO: [Timing 38-191] Multithreading enabled for timing update using a maximum of 2 CPUs
CRITICAL WARNING: [Timing 38-1] MMCME2_ADV output pin(s) used on clock modifying cell design_1_i/My_Lab2_0/U0/My_Lab2_slave_lite_v1_0_S00_AXI_inst/datapath/Audio_Codec/audiocodec_master_clock/inst/mmcm_adv_inst (COMPENSATION=EXTERNAL) without a feedback net: CLKOUT0 CLKOUT1
Resolution: To properly work, the MMCM or PLL must be connected with a feedback loop. Connect the feedback clock pin of the MMCM or PLL to the correct feedback net. The feedback net cannot be connected to a constant signal.
WARNING: [Timing 38-436] There are set_bus_skew constraint(s) in this design. Please run report_bus_skew to ensure that bus skew requirements are met.
report_timing_summary: Time (s): cpu = 00:00:11 ; elapsed = 00:00:08 . Memory (MB): peak = 3054.391 ; gain = 0.000
INFO: [Vivado 12-24838] Running report commands "report_incremental_reuse, report_route_status" in parallel.
Running report generation with 2 threads.
INFO: [Vivado 12-24828] Executing command : report_incremental_reuse -file design_1_wrapper_incremental_reuse_routed.rpt
INFO: [Vivado_Tcl 4-1062] Incremental flow is disabled. No incremental reuse Info to report.
INFO: [Vivado 12-24828] Executing command : report_route_status -file design_1_wrapper_route_status.rpt -pb design_1_wrapper_route_status.pb
INFO: [Vivado 12-24828] Executing command : report_power -file design_1_wrapper_power_routed.rpt -pb design_1_wrapper_power_summary_routed.pb -rpx design_1_wrapper_power_routed.rpx
Command: report_power -file design_1_wrapper_power_routed.rpt -pb design_1_wrapper_power_summary_routed.pb -rpx design_1_wrapper_power_routed.rpx
Running Vector-less Activity Propagation...

Finished Running Vector-less Activity Propagation
WARNING: [Power 33-332] Found switching activity that implies high-fanout reset nets being asserted for excessive periods of time which may result in inaccurate power analysis.
Resolution: To review and fix problems, please run Power Constraints Advisor in the GUI from Tools > Power Constraints Advisor or run report_power with the -advisory option to generate a text report.
137 Infos, 49 Warnings, 30 Critical Warnings and 0 Errors encountered.
report_power completed successfully
report_power: Time (s): cpu = 00:00:33 ; elapsed = 00:00:24 . Memory (MB): peak = 3054.391 ; gain = 0.000
INFO: [Vivado 12-24828] Executing command : report_clock_utilization -file design_1_wrapper_clock_utilization_routed.rpt
INFO: [Vivado 12-24828] Executing command : report_bus_skew -warn_on_violation -file design_1_wrapper_bus_skew_routed.rpt -pb design_1_wrapper_bus_skew_routed.pb -rpx design_1_wrapper_bus_skew_routed.rpx
INFO: [Timing 38-91] UpdateTimingParams: Speed grade: -1, Delay Type: min_max.
INFO: [Timing 38-191] Multithreading enabled for timing update using a maximum of 2 CPUs
generate_parallel_reports: Time (s): cpu = 00:01:44 ; elapsed = 00:01:05 . Memory (MB): peak = 3054.391 ; gain = 0.000
INFO: [Timing 38-480] Writing timing data to binary archive.
Write ShapeDB Complete: Time (s): cpu = 00:00:02 ; elapsed = 00:00:00.361 . Memory (MB): peak = 3054.391 ; gain = 0.000
Wrote PlaceDB: Time (s): cpu = 00:00:18 ; elapsed = 00:00:07 . Memory (MB): peak = 3054.391 ; gain = 0.000
Wrote PulsedLatchDB: Time (s): cpu = 00:00:00 ; elapsed = 00:00:00 . Memory (MB): peak = 3054.391 ; gain = 0.000
Writing XDEF routing.
Writing XDEF routing logical nets.
Writing XDEF routing special nets.
Wrote RouteStorage: Time (s): cpu = 00:00:01 ; elapsed = 00:00:00.758 . Memory (MB): peak = 3054.391 ; gain = 0.000
Wrote Netlist Cache: Time (s): cpu = 00:00:00 ; elapsed = 00:00:00.110 . Memory (MB): peak = 3054.391 ; gain = 0.000
Wrote Device Cache: Time (s): cpu = 00:00:00 ; elapsed = 00:00:00.008 . Memory (MB): peak = 3054.391 ; gain = 0.000
Write Physdb Complete: Time (s): cpu = 00:00:19 ; elapsed = 00:00:08 . Memory (MB): peak = 3054.391 ; gain = 0.000
INFO: [Common 17-1381] The checkpoint 'C:/Users/jakem/ece383_wksp/final_project/final_project/final_project.runs/impl_1/design_1_wrapper_routed.dcp' has been generated.
write_checkpoint: Time (s): cpu = 00:00:21 ; elapsed = 00:00:12 . Memory (MB): peak = 3054.391 ; gain = 0.000
INFO: [Memdata 28-167] Found XPM memory block design_1_i/axi_smc_1/inst/s01_nodes/s01_r_node/inst/inst_mi_handler/gen_normal_area.inst_fifo_node_payld/gen_xpm_memory_fifo.inst_fifo/gen_mem_rep[0].inst_xpm_memory/xpm_memory_base_inst with a P_MEMORY_PRIMITIVE property set to distributed. A value of block is required. You will not be able to use the updatemem program to update the bitstream with new data for the design_1_i/axi_smc_1/inst/s01_nodes/s01_r_node/inst/inst_mi_handler/gen_normal_area.inst_fifo_node_payld/gen_xpm_memory_fifo.inst_fifo/gen_mem_rep[0].inst_xpm_memory/xpm_memory_base_inst block.
INFO: [Memdata 28-167] Found XPM memory block design_1_i/axi_smc_1/inst/s01_nodes/s01_ar_node/inst/inst_mi_handler/gen_normal_area.inst_fifo_node_payld/gen_xpm_memory_fifo.inst_fifo/gen_mem_rep[0].inst_xpm_memory/xpm_memory_base_inst with a P_MEMORY_PRIMITIVE property set to distributed. A value of block is required. You will not be able to use the updatemem program to update the bitstream with new data for the design_1_i/axi_smc_1/inst/s01_nodes/s01_ar_node/inst/inst_mi_handler/gen_normal_area.inst_fifo_node_payld/gen_xpm_memory_fifo.inst_fifo/gen_mem_rep[0].inst_xpm_memory/xpm_memory_base_inst block.
INFO: [Memdata 28-167] Found XPM memory block design_1_i/axi_smc_1/inst/s00_nodes/s00_w_node/inst/inst_mi_handler/gen_normal_area.inst_fifo_node_payld/gen_xpm_memory_fifo.inst_fifo/gen_mem_rep[0].inst_xpm_memory/xpm_memory_base_inst with a P_MEMORY_PRIMITIVE property set to distributed. A value of block is required. You will not be able to use the updatemem program to update the bitstream with new data for the design_1_i/axi_smc_1/inst/s00_nodes/s00_w_node/inst/inst_mi_handler/gen_normal_area.inst_fifo_node_payld/gen_xpm_memory_fifo.inst_fifo/gen_mem_rep[0].inst_xpm_memory/xpm_memory_base_inst block.
INFO: [Memdata 28-167] Found XPM memory block design_1_i/axi_smc_1/inst/s00_nodes/s00_w_node/inst/inst_mi_handler/gen_normal_area.gen_fifo_req.inst_fifo_req/gen_xpm_memory_fifo.inst_fifo/gen_mem_rep[0].inst_xpm_memory/xpm_memory_base_inst with a P_MEMORY_PRIMITIVE property set to distributed. A value of block is required. You will not be able to use the updatemem program to update the bitstream with new data for the design_1_i/axi_smc_1/inst/s00_nodes/s00_w_node/inst/inst_mi_handler/gen_normal_area.gen_fifo_req.inst_fifo_req/gen_xpm_memory_fifo.inst_fifo/gen_mem_rep[0].inst_xpm_memory/xpm_memory_base_inst block.
INFO: [Memdata 28-167] Found XPM memory block design_1_i/axi_smc_1/inst/s00_nodes/s00_r_node/inst/inst_mi_handler/gen_normal_area.inst_fifo_node_payld/gen_xpm_memory_fifo.inst_fifo/gen_mem_rep[0].inst_xpm_memory/xpm_memory_base_inst with a P_MEMORY_PRIMITIVE property set to distributed. A value of block is required. You will not be able to use the updatemem program to update the bitstream with new data for the design_1_i/axi_smc_1/inst/s00_nodes/s00_r_node/inst/inst_mi_handler/gen_normal_area.inst_fifo_node_payld/gen_xpm_memory_fifo.inst_fifo/gen_mem_rep[0].inst_xpm_memory/xpm_memory_base_inst block.
INFO: [Memdata 28-167] Found XPM memory block design_1_i/axi_smc_1/inst/s00_nodes/s00_aw_node/inst/inst_mi_handler/gen_normal_area.inst_fifo_node_payld/gen_xpm_memory_fifo.inst_fifo/gen_mem_rep[0].inst_xpm_memory/xpm_memory_base_inst with a P_MEMORY_PRIMITIVE property set to distributed. A value of block is required. You will not be able to use the updatemem program to update the bitstream with new data for the design_1_i/axi_smc_1/inst/s00_nodes/s00_aw_node/inst/inst_mi_handler/gen_normal_area.inst_fifo_node_payld/gen_xpm_memory_fifo.inst_fifo/gen_mem_rep[0].inst_xpm_memory/xpm_memory_base_inst block.
INFO: [Memdata 28-167] Found XPM memory block design_1_i/axi_smc_1/inst/s00_nodes/s00_ar_node/inst/inst_mi_handler/gen_normal_area.inst_fifo_node_payld/gen_xpm_memory_fifo.inst_fifo/gen_mem_rep[0].inst_xpm_memory/xpm_memory_base_inst with a P_MEMORY_PRIMITIVE property set to distributed. A value of block is required. You will not be able to use the updatemem program to update the bitstream with new data for the design_1_i/axi_smc_1/inst/s00_nodes/s00_ar_node/inst/inst_mi_handler/gen_normal_area.inst_fifo_node_payld/gen_xpm_memory_fifo.inst_fifo/gen_mem_rep[0].inst_xpm_memory/xpm_memory_base_inst block.
INFO: [Memdata 28-167] Found XPM memory block design_1_i/axi_smc_1/inst/m00_nodes/m00_w_node/inst/inst_si_handler/gen_si_handler.gen_request_fifos.gen_req_fifo[0].inst_req_fifo/gen_xpm_memory_fifo.inst_fifo/gen_mem_rep[0].inst_xpm_memory/xpm_memory_base_inst with a P_MEMORY_PRIMITIVE property set to distributed. A value of block is required. You will not be able to use the updatemem program to update the bitstream with new data for the design_1_i/axi_smc_1/inst/m00_nodes/m00_w_node/inst/inst_si_handler/gen_si_handler.gen_request_fifos.gen_req_fifo[0].inst_req_fifo/gen_xpm_memory_fifo.inst_fifo/gen_mem_rep[0].inst_xpm_memory/xpm_memory_base_inst block.
INFO: [Memdata 28-167] Found XPM memory block design_1_i/axi_smc_1/inst/m00_nodes/m00_w_node/inst/inst_mi_handler/gen_normal_area.inst_fifo_node_payld/gen_xpm_memory_fifo.inst_fifo/gen_mem_rep[0].inst_xpm_memory/xpm_memory_base_inst with a P_MEMORY_PRIMITIVE property set to distributed. A value of block is required. You will not be able to use the updatemem program to update the bitstream with new data for the design_1_i/axi_smc_1/inst/m00_nodes/m00_w_node/inst/inst_mi_handler/gen_normal_area.inst_fifo_node_payld/gen_xpm_memory_fifo.inst_fifo/gen_mem_rep[0].inst_xpm_memory/xpm_memory_base_inst block.
INFO: [Memdata 28-167] Found XPM memory block design_1_i/axi_smc_1/inst/m00_nodes/m00_r_node/inst/inst_mi_handler/gen_normal_area.inst_fifo_node_payld/gen_xpm_memory_fifo.inst_fifo/gen_mem_rep[0].inst_xpm_memory/xpm_memory_base_inst with a P_MEMORY_PRIMITIVE property set to distributed. A value of block is required. You will not be able to use the updatemem program to update the bitstream with new data for the design_1_i/axi_smc_1/inst/m00_nodes/m00_r_node/inst/inst_mi_handler/gen_normal_area.inst_fifo_node_payld/gen_xpm_memory_fifo.inst_fifo/gen_mem_rep[0].inst_xpm_memory/xpm_memory_base_inst block.
INFO: [Memdata 28-167] Found XPM memory block design_1_i/axi_smc_1/inst/m00_nodes/m00_r_node/inst/inst_mi_handler/gen_normal_area.gen_fifo_req.inst_fifo_req/gen_xpm_memory_fifo.inst_fifo/gen_mem_rep[0].inst_xpm_memory/xpm_memory_base_inst with a P_MEMORY_PRIMITIVE property set to distributed. A value of block is required. You will not be able to use the updatemem program to update the bitstream with new data for the design_1_i/axi_smc_1/inst/m00_nodes/m00_r_node/inst/inst_mi_handler/gen_normal_area.gen_fifo_req.inst_fifo_req/gen_xpm_memory_fifo.inst_fifo/gen_mem_rep[0].inst_xpm_memory/xpm_memory_base_inst block.
INFO: [Memdata 28-167] Found XPM memory block design_1_i/axi_smc_1/inst/m00_nodes/m00_b_node/inst/inst_mi_handler/gen_normal_area.gen_fifo_req.inst_fifo_req/gen_xpm_memory_fifo.inst_fifo/gen_mem_rep[0].inst_xpm_memory/xpm_memory_base_inst with a P_MEMORY_PRIMITIVE property set to distributed. A value of block is required. You will not be able to use the updatemem program to update the bitstream with new data for the design_1_i/axi_smc_1/inst/m00_nodes/m00_b_node/inst/inst_mi_handler/gen_normal_area.gen_fifo_req.inst_fifo_req/gen_xpm_memory_fifo.inst_fifo/gen_mem_rep[0].inst_xpm_memory/xpm_memory_base_inst block.
INFO: [Memdata 28-167] Found XPM memory block design_1_i/axi_smc_1/inst/m00_nodes/m00_aw_node/inst/inst_mi_handler/gen_normal_area.inst_fifo_node_payld/gen_xpm_memory_fifo.inst_fifo/gen_mem_rep[0].inst_xpm_memory/xpm_memory_base_inst with a P_MEMORY_PRIMITIVE property set to distributed. A value of block is required. You will not be able to use the updatemem program to update the bitstream with new data for the design_1_i/axi_smc_1/inst/m00_nodes/m00_aw_node/inst/inst_mi_handler/gen_normal_area.inst_fifo_node_payld/gen_xpm_memory_fifo.inst_fifo/gen_mem_rep[0].inst_xpm_memory/xpm_memory_base_inst block.
INFO: [Memdata 28-167] Found XPM memory block design_1_i/axi_smc_1/inst/m00_nodes/m00_ar_node/inst/inst_mi_handler/gen_normal_area.inst_fifo_node_payld/gen_xpm_memory_fifo.inst_fifo/gen_mem_rep[0].inst_xpm_memory/xpm_memory_base_inst with a P_MEMORY_PRIMITIVE property set to distributed. A value of block is required. You will not be able to use the updatemem program to update the bitstream with new data for the design_1_i/axi_smc_1/inst/m00_nodes/m00_ar_node/inst/inst_mi_handler/gen_normal_area.inst_fifo_node_payld/gen_xpm_memory_fifo.inst_fifo/gen_mem_rep[0].inst_xpm_memory/xpm_memory_base_inst block.
Command: write_bitstream -force design_1_wrapper.bit
Attempting to get a license for feature 'Implementation' and/or device 'xc7a200t'
INFO: [Common 17-349] Got license for feature 'Implementation' and/or device 'xc7a200t'
Running DRC as a precondition to command write_bitstream
INFO: [IP_Flow 19-1839] IP Catalog is up to date.
INFO: [DRC 23-27] Running DRC with 2 threads
INFO: [Vivado 12-3199] DRC finished with 0 Errors
INFO: [Vivado 12-3200] Please refer to the DRC report (report_drc) for more information.
INFO: [Designutils 20-2272] Running write_bitstream with 2 threads.
Loading data files...
Loading site data...
Loading route data...
Processing options...
Creating bitmap...
Creating bitstream...
Writing bitstream ./design_1_wrapper.bit...
INFO: [Vivado 12-1842] Bitgen Completed Successfully.
INFO: [Project 1-1876] WebTalk data collection is mandatory when using a ULT device. To see the specific WebTalk data collected for your design, open the usage_statistics_webtalk.html or usage_statistics_webtalk.xml file in the implementation directory.
INFO: [Common 17-83] Releasing license: Implementation
166 Infos, 49 Warnings, 30 Critical Warnings and 0 Errors encountered.
write_bitstream completed successfully
write_bitstream: Time (s): cpu = 00:01:37 ; elapsed = 00:00:56 . Memory (MB): peak = 3570.969 ; gain = 516.578
INFO: [Common 17-206] Exiting Vivado at Fri May  8 00:34:51 2026...
