Copyright 1986-2022 Xilinx, Inc. All Rights Reserved. Copyright 2022-2024 Advanced Micro Devices, Inc. All Rights Reserved.
---------------------------------------------------------------------------------------------------------------------------------------------
| Tool Version : Vivado v.2024.2 (win64) Build 5239630 Fri Nov 08 22:35:27 MST 2024
| Date         : Tue Feb 24 09:40:07 2026
| Host         : JakesXPS13 running 64-bit major release  (build 9200)
| Command      : report_control_sets -verbose -file lab2_control_sets_placed.rpt
| Design       : lab2
| Device       : xc7a200t
---------------------------------------------------------------------------------------------------------------------------------------------

Control Set Information

Table of Contents
-----------------
1. Summary
2. Histogram
3. Flip-Flop Distribution
4. Detailed Control Set Information

1. Summary
----------

+----------------------------------------------------------+-------+
|                          Status                          | Count |
+----------------------------------------------------------+-------+
| Total control sets                                       |    38 |
|    Minimum number of control sets                        |    38 |
|    Addition due to synthesis replication                 |     0 |
|    Addition due to physical synthesis replication        |     0 |
| Unused register locations in slices containing registers |   127 |
+----------------------------------------------------------+-------+
* Control sets can be merged at opt_design using control_set_merge or merge_equivalent_drivers
** Run report_qor_suggestions for automated merging and remapping suggestions


2. Histogram
------------

+--------------------+-------+
|       Fanout       | Count |
+--------------------+-------+
| Total control sets |    38 |
| >= 0 to < 4        |     4 |
| >= 4 to < 6        |     6 |
| >= 6 to < 8        |     5 |
| >= 8 to < 10       |     1 |
| >= 10 to < 12      |     5 |
| >= 12 to < 14      |     1 |
| >= 14 to < 16      |     2 |
| >= 16              |    14 |
+--------------------+-------+
* Control sets can be remapped at either synth_design or opt_design


3. Flip-Flop Distribution
-------------------------

+--------------+-----------------------+------------------------+-----------------+--------------+
| Clock Enable | Synchronous Set/Reset | Asynchronous Set/Reset | Total Registers | Total Slices |
+--------------+-----------------------+------------------------+-----------------+--------------+
| No           | No                    | No                     |              99 |           36 |
| No           | No                    | Yes                    |               0 |            0 |
| No           | Yes                   | No                     |              83 |           28 |
| Yes          | No                    | No                     |              75 |           29 |
| Yes          | No                    | Yes                    |               0 |            0 |
| Yes          | Yes                   | No                     |             256 |           66 |
+--------------+-----------------------+------------------------+-----------------+--------------+


4. Detailed Control Set Information
-----------------------------------

+-----------------------------------------------------------------+--------------------------------------------------------------------------------+--------------------------------------------------------------------------------+------------------+----------------+--------------+
|                           Clock Signal                          |                                  Enable Signal                                 |                                Set/Reset Signal                                | Slice Load Count | Bel Load Count | Bels / Slice |
+-----------------------------------------------------------------+--------------------------------------------------------------------------------+--------------------------------------------------------------------------------+------------------+----------------+--------------+
|  down_debouncer/cw_reg[1]_i_2__0_n_0                            |                                                                                |                                                                                |                1 |              2 |         2.00 |
|  left_debouncer/cw_reg[1]_i_2__1_n_0                            |                                                                                |                                                                                |                1 |              2 |         2.00 |
|  right_debouncer/cw_reg[1]_i_2__2_n_0                           |                                                                                |                                                                                |                1 |              2 |         2.00 |
|  up_debouncer/cw_reg[1]_i_2_n_0                                 |                                                                                |                                                                                |                1 |              2 |         2.00 |
|  datapath/Audio_Codec/audiocodec_master_clock/inst/clk_out2     | datapath/Audio_Codec/initialize_audio/twi_controller/FSM_gray_state[3]_i_1_n_0 |                                                                                |                2 |              4 |         2.00 |
|  datapath/Audio_Codec/audiocodec_master_clock/inst/clk_out2     | datapath/Audio_Codec/initialize_audio/twi_controller/state_reg[0][0]           | datapath/Audio_Codec/audio_inout/SR[0]                                         |                3 |              4 |         1.33 |
|  clk_IBUF_BUFG                                                  | down_debouncer/prev_down_reg                                                   | datapath/Audio_Codec/audio_inout/SR[0]                                         |                3 |              4 |         1.33 |
|  clk_IBUF_BUFG                                                  | datapath/Audio_Codec/audio_inout/BCLK_Fall_int                                 | datapath/Audio_Codec/audio_inout/SR[0]                                         |                2 |              5 |         2.50 |
|  clk_IBUF_BUFG                                                  |                                                                                | datapath/Audio_Codec/audio_inout/Cnt_Bclk[4]_i_1_n_0                           |                1 |              5 |         5.00 |
|  datapath/video_inst/mmcm_adv_inst_display_clocks/inst/clk_out2 |                                                                                | datapath/video_inst/inst_dvid/shift_red[7]_i_1_n_0                             |                1 |              5 |         5.00 |
|  datapath/video_inst/mmcm_adv_inst_display_clocks/inst/clk_out2 |                                                                                | datapath/video_inst/inst_dvid/shift_red[9]_i_1_n_0                             |                3 |              6 |         2.00 |
|  datapath/Audio_Codec/audiocodec_master_clock/inst/clk_out2     | datapath/Audio_Codec/initialize_audio/twi_controller/E[0]                      | datapath/Audio_Codec/audio_inout/SR[0]                                         |                2 |              7 |         3.50 |
|  clk_IBUF_BUFG                                                  | down_debouncer/prev_down_reg                                                   |                                                                                |                4 |              7 |         1.75 |
|  datapath/Audio_Codec/audiocodec_master_clock/inst/clk_out2     |                                                                                | datapath/Audio_Codec/initialize_audio/twi_controller/busFreeCnt0_1             |                2 |              7 |         3.50 |
|  datapath/Audio_Codec/audiocodec_master_clock/inst/clk_out2     | datapath/Audio_Codec/initialize_audio/twi_controller/sclCnt[6]_i_2_n_0         | datapath/Audio_Codec/initialize_audio/twi_controller/sclCnt0_0                 |                2 |              7 |         3.50 |
|  datapath/Audio_Codec/audiocodec_master_clock/inst/clk_out2     | datapath/Audio_Codec/initialize_audio/twi_controller/dataByte[7]_i_1_n_0       |                                                                                |                2 |              8 |         4.00 |
|  datapath/video_inst/mmcm_adv_inst_display_clocks/inst/clk_out1 | datapath/video_inst/Inst_vga/sig_gen/horizontal_counter/processQ[9]_i_2__1_n_0 | datapath/video_inst/Inst_vga/sig_gen/horizontal_counter/processQ[9]_i_1__4_n_0 |                5 |             10 |         2.00 |
|  datapath/video_inst/mmcm_adv_inst_display_clocks/inst/clk_out1 | datapath/video_inst/Inst_vga/sig_gen/vertical_counter/processQ0                | datapath/video_inst/Inst_vga/sig_gen/horizontal_counter/SR[0]                  |                5 |             10 |         2.00 |
|  datapath/Audio_Codec/audiocodec_master_clock/inst/clk_out2     | reset_n_IBUF                                                                   |                                                                                |                4 |             10 |         2.50 |
|  clk_IBUF_BUFG                                                  | control/E[0]                                                                   | datapath/audio_counter/processQ[9]_i_1_n_0                                     |                4 |             10 |         2.50 |
|  clk_IBUF_BUFG                                                  | left_debouncer/E[0]                                                            |                                                                                |                6 |             11 |         1.83 |
|  datapath/video_inst/mmcm_adv_inst_display_clocks/inst/clk_out1 |                                                                                | datapath/video_inst/Inst_vga/sig_gen/vga_reg[blank]_0                          |                5 |             13 |         2.60 |
|  clk_IBUF_BUFG                                                  |                                                                                |                                                                                |                7 |             14 |         2.00 |
|  clk_IBUF_BUFG                                                  |                                                                                | datapath/Audio_Codec/audio_inout/SR[0]                                         |                7 |             15 |         2.14 |
|  clk_IBUF_BUFG                                                  | datapath/Audio_Codec/audio_inout/D_R_O_int[23]_i_1_n_0                         | datapath/Audio_Codec/audio_inout/SR[0]                                         |                2 |             16 |         8.00 |
|  clk_IBUF_BUFG                                                  | datapath/Audio_Codec/audio_inout/D_L_O_int_0                                   | datapath/Audio_Codec/audio_inout/SR[0]                                         |                2 |             16 |         8.00 |
|  clk_IBUF_BUFG                                                  | datapath/Audio_Codec/audio_inout/Data_Out_int[31]_i_1_n_0                      |                                                                                |                5 |             17 |         3.40 |
|  datapath/Audio_Codec/audiocodec_master_clock/inst/clk_out2     |                                                                                |                                                                                |               11 |             18 |         1.64 |
|  datapath/Audio_Codec/audiocodec_master_clock/inst/clk_out2     | datapath/Audio_Codec/initialize_audio/initWord[30]_i_1_n_0                     |                                                                                |                6 |             18 |         3.00 |
|  clk_IBUF_BUFG                                                  | down_debouncer/delay_counter/processQ[20]_i_1__0_n_0                           | datapath/Audio_Codec/audio_inout/SR[0]                                         |                4 |             21 |         5.25 |
|  clk_IBUF_BUFG                                                  | left_debouncer/delay_counter/processQ[20]_i_1__1_n_0                           | datapath/Audio_Codec/audio_inout/SR[0]                                         |                5 |             21 |         4.20 |
|  clk_IBUF_BUFG                                                  | right_debouncer/delay_counter/processQ[20]_i_1__2_n_0                          | datapath/Audio_Codec/audio_inout/SR[0]                                         |                5 |             21 |         4.20 |
|  clk_IBUF_BUFG                                                  | up_debouncer/delay_counter/processQ[20]_i_1_n_0                                | datapath/Audio_Codec/audio_inout/SR[0]                                         |                5 |             21 |         4.20 |
|  datapath/video_inst/mmcm_adv_inst_display_clocks/inst/clk_out2 |                                                                                |                                                                                |                6 |             29 |         4.83 |
|  datapath/video_inst/mmcm_adv_inst_display_clocks/inst/clk_out1 |                                                                                |                                                                                |                8 |             30 |         3.75 |
|  datapath/Audio_Codec/audiocodec_master_clock/inst/clk_out2     |                                                                                | datapath/Audio_Codec/initialize_audio/delaycnt0                                |                9 |             32 |         3.56 |
|  clk_IBUF_BUFG                                                  | datapath/Audio_Codec/audio_inout/p_17_in                                       | datapath/Audio_Codec/audio_inout/Data_In_int[31]_i_1_n_0                       |                7 |             32 |         4.57 |
|  clk_IBUF_BUFG                                                  | datapath/Audio_Codec/E[0]                                                      | datapath/Audio_Codec/audio_inout/SR[0]                                         |               10 |             51 |         5.10 |
+-----------------------------------------------------------------+--------------------------------------------------------------------------------+--------------------------------------------------------------------------------+------------------+----------------+--------------+


