Copyright 1986-2022 Xilinx, Inc. All Rights Reserved. Copyright 2022-2024 Advanced Micro Devices, Inc. All Rights Reserved.
---------------------------------------------------------------------------------------------------------------------------------------------
| Tool Version : Vivado v.2024.2 (win64) Build 5239630 Fri Nov 08 22:35:27 MST 2024
| Date         : Thu May  7 23:11:33 2026
| Host         : JakesXPS13 running 64-bit major release  (build 9200)
| Command      : upgrade_ip
| Device       : xc7a200tsbg484-1
---------------------------------------------------------------------------------------------------------------------------------------------

Upgrade Log for IP 'design_1_My_Lab2_0_0'

1. Summary
----------

SUCCESS in the upgrade of design_1_My_Lab2_0_0 (xilinx.com:user:My_Lab2:1.0) from (Rev. 24) to (Rev. 25)






Copyright 1986-2022 Xilinx, Inc. All Rights Reserved. Copyright 2022-2024 Advanced Micro Devices, Inc. All Rights Reserved.
---------------------------------------------------------------------------------------------------------------------------------------------
| Tool Version : Vivado v.2024.2 (win64) Build 5239630 Fri Nov 08 22:35:27 MST 2024
| Date         : Thu May  7 21:49:54 2026
| Host         : JakesXPS13 running 64-bit major release  (build 9200)
| Command      : upgrade_ip
| Device       : xc7a200tsbg484-1
---------------------------------------------------------------------------------------------------------------------------------------------

Upgrade Log for IP 'design_1_My_Lab2_0_0'

1. Summary
----------

SUCCESS in the upgrade of design_1_My_Lab2_0_0 (xilinx.com:user:My_Lab2:1.0) from (Rev. 23) to (Rev. 24)






Copyright 1986-2022 Xilinx, Inc. All Rights Reserved. Copyright 2022-2024 Advanced Micro Devices, Inc. All Rights Reserved.
---------------------------------------------------------------------------------------------------------------------------------------------
| Tool Version : Vivado v.2024.2 (win64) Build 5239630 Fri Nov 08 22:35:27 MST 2024
| Date         : Thu May  7 20:51:22 2026
| Host         : JakesXPS13 running 64-bit major release  (build 9200)
| Command      : upgrade_ip
| Device       : xc7a200tsbg484-1
---------------------------------------------------------------------------------------------------------------------------------------------

Upgrade Log for IP 'design_1_My_Lab2_0_0'

1. Summary
----------

SUCCESS in the upgrade of design_1_My_Lab2_0_0 (xilinx.com:user:My_Lab2:1.0) from (Rev. 22) to (Rev. 23)






Copyright 1986-2022 Xilinx, Inc. All Rights Reserved. Copyright 2022-2024 Advanced Micro Devices, Inc. All Rights Reserved.
---------------------------------------------------------------------------------------------------------------------------------------------
| Tool Version : Vivado v.2024.2 (win64) Build 5239630 Fri Nov 08 22:35:27 MST 2024
| Date         : Thu May  7 15:43:55 2026
| Host         : JakesXPS13 running 64-bit major release  (build 9200)
| Command      : upgrade_ip
| Device       : xc7a200tsbg484-1
---------------------------------------------------------------------------------------------------------------------------------------------

Upgrade Log for IP 'design_1_My_Lab2_0_0'

1. Summary
----------

SUCCESS in the upgrade of design_1_My_Lab2_0_0 (xilinx.com:user:My_Lab2:1.0) from (Rev. 20) to (Rev. 22)






Copyright 1986-2022 Xilinx, Inc. All Rights Reserved. Copyright 2022-2024 Advanced Micro Devices, Inc. All Rights Reserved.
---------------------------------------------------------------------------------------------------------------------------------------------
| Tool Version : Vivado v.2024.2 (win64) Build 5239630 Fri Nov 08 22:35:27 MST 2024
| Date         : Thu May  7 15:40:50 2026
| Host         : JakesXPS13 running 64-bit major release  (build 9200)
| Command      : upgrade_ip
| Device       : xc7a200tsbg484-1
---------------------------------------------------------------------------------------------------------------------------------------------

Upgrade Log for IP 'design_1_My_Lab2_0_0'

1. Summary
----------

SUCCESS in the upgrade of design_1_My_Lab2_0_0 (xilinx.com:user:My_Lab2:1.0) from (Rev. 19) to (Rev. 20)






Copyright 1986-2022 Xilinx, Inc. All Rights Reserved. Copyright 2022-2024 Advanced Micro Devices, Inc. All Rights Reserved.
---------------------------------------------------------------------------------------------------------------------------------------------
| Tool Version : Vivado v.2024.2 (win64) Build 5239630 Fri Nov 08 22:35:27 MST 2024
| Date         : Wed May  6 08:58:55 2026
| Host         : JakesXPS13 running 64-bit major release  (build 9200)
| Command      : upgrade_ip
| Device       : xc7a200tsbg484-1
---------------------------------------------------------------------------------------------------------------------------------------------

Upgrade Log for IP 'design_1_My_Lab2_0_0'

1. Summary
----------

SUCCESS in the upgrade of design_1_My_Lab2_0_0 (xilinx.com:user:My_Lab2:1.0) from (Rev. 18) to (Rev. 19)






Copyright 1986-2022 Xilinx, Inc. All Rights Reserved. Copyright 2022-2024 Advanced Micro Devices, Inc. All Rights Reserved.
---------------------------------------------------------------------------------------------------------------------------------------------
| Tool Version : Vivado v.2024.2 (win64) Build 5239630 Fri Nov 08 22:35:27 MST 2024
| Date         : Tue May  5 13:40:21 2026
| Host         : JakesXPS13 running 64-bit major release  (build 9200)
| Command      : upgrade_ip
| Device       : xc7a200tsbg484-1
---------------------------------------------------------------------------------------------------------------------------------------------

Upgrade Log for IP 'design_1_My_Lab2_0_0'

1. Summary
----------

CAUTION (success, with warnings) in the upgrade of design_1_My_Lab2_0_0 (xilinx.com:user:My_Lab2:1.0) from (Rev. 17) to (Rev. 18)

After upgrade, an IP may have parameter and port differences compared to the original customization. Please review the parameters within the IP customization GUI to ensure proper functionality. Also, please review the updated IP instantiation template to ensure proper connectivity, and update your design if required.

2. Connection Warnings
----------------------

Detected external port differences while upgrading 'design_1_My_Lab2_0_0'. These changes may impact your design.


-Upgrade has added port 'nes_data'

-Upgrade has added port 'nes_latch'

-Upgrade has added port 'nes_pulse'







Copyright 1986-2022 Xilinx, Inc. All Rights Reserved. Copyright 2022-2024 Advanced Micro Devices, Inc. All Rights Reserved.
---------------------------------------------------------------------------------------------------------------------------------------------
| Tool Version : Vivado v.2024.2 (win64) Build 5239630 Fri Nov 08 22:35:27 MST 2024
| Date         : Tue May  5 13:32:08 2026
| Host         : JakesXPS13 running 64-bit major release  (build 9200)
| Command      : upgrade_ip
| Device       : xc7a200tsbg484-1
---------------------------------------------------------------------------------------------------------------------------------------------

Upgrade Log for IP 'design_1_My_Lab2_0_0'

1. Summary
----------

SUCCESS in the upgrade of design_1_My_Lab2_0_0 (xilinx.com:user:My_Lab2:1.0) from (Rev. 16) to (Rev. 17)






Copyright 1986-2022 Xilinx, Inc. All Rights Reserved. Copyright 2022-2024 Advanced Micro Devices, Inc. All Rights Reserved.
---------------------------------------------------------------------------------------------------------------------------------------------
| Tool Version : Vivado v.2024.2 (win64) Build 5239630 Fri Nov 08 22:35:27 MST 2024
| Date         : Tue May  5 13:25:39 2026
| Host         : JakesXPS13 running 64-bit major release  (build 9200)
| Command      : upgrade_ip
| Device       : xc7a200tsbg484-1
---------------------------------------------------------------------------------------------------------------------------------------------

Upgrade Log for IP 'design_1_My_Lab2_0_0'

1. Summary
----------

SUCCESS in the upgrade of design_1_My_Lab2_0_0 (xilinx.com:user:My_Lab2:1.0) from (Rev. 15) to (Rev. 16)






Copyright 1986-2022 Xilinx, Inc. All Rights Reserved. Copyright 2022-2024 Advanced Micro Devices, Inc. All Rights Reserved.
---------------------------------------------------------------------------------------------------------------------------------------------
| Tool Version : Vivado v.2024.2 (win64) Build 5239630 Fri Nov 08 22:35:27 MST 2024
| Date         : Tue May  5 13:22:35 2026
| Host         : JakesXPS13 running 64-bit major release  (build 9200)
| Command      : upgrade_ip
| Device       : xc7a200tsbg484-1
---------------------------------------------------------------------------------------------------------------------------------------------

Upgrade Log for IP 'design_1_My_Lab2_0_0'

1. Summary
----------

SUCCESS in the upgrade of design_1_My_Lab2_0_0 (xilinx.com:user:My_Lab2:1.0) from (Rev. 14) to (Rev. 15)






Copyright 1986-2022 Xilinx, Inc. All Rights Reserved. Copyright 2022-2024 Advanced Micro Devices, Inc. All Rights Reserved.
---------------------------------------------------------------------------------------------------------------------------------------------
| Tool Version : Vivado v.2024.2 (win64) Build 5239630 Fri Nov 08 22:35:27 MST 2024
| Date         : Tue May  5 11:24:37 2026
| Host         : JakesXPS13 running 64-bit major release  (build 9200)
| Command      : upgrade_ip
| Device       : xc7a200tsbg484-1
---------------------------------------------------------------------------------------------------------------------------------------------

Upgrade Log for IP 'design_1_My_Lab2_0_0'

1. Summary
----------

SUCCESS in the upgrade of design_1_My_Lab2_0_0 (xilinx.com:user:My_Lab2:1.0) from (Rev. 13) to (Rev. 14)






Copyright 1986-2022 Xilinx, Inc. All Rights Reserved. Copyright 2022-2024 Advanced Micro Devices, Inc. All Rights Reserved.
---------------------------------------------------------------------------------------------------------------------------------------------
| Tool Version : Vivado v.2024.2 (win64) Build 5239630 Fri Nov 08 22:35:27 MST 2024
| Date         : Tue May  5 11:20:31 2026
| Host         : JakesXPS13 running 64-bit major release  (build 9200)
| Command      : upgrade_ip
| Device       : xc7a200tsbg484-1
---------------------------------------------------------------------------------------------------------------------------------------------

Upgrade Log for IP 'design_1_My_Lab2_0_0'

1. Summary
----------

SUCCESS in the upgrade of design_1_My_Lab2_0_0 (xilinx.com:user:My_Lab2:1.0) from (Rev. 12) to (Rev. 13)






Copyright 1986-2022 Xilinx, Inc. All Rights Reserved. Copyright 2022-2024 Advanced Micro Devices, Inc. All Rights Reserved.
---------------------------------------------------------------------------------------------------------------------------------------------
| Tool Version : Vivado v.2024.2 (win64) Build 5239630 Fri Nov 08 22:35:27 MST 2024
| Date         : Tue May  5 11:08:43 2026
| Host         : JakesXPS13 running 64-bit major release  (build 9200)
| Command      : upgrade_ip
| Device       : xc7a200tsbg484-1
---------------------------------------------------------------------------------------------------------------------------------------------

Upgrade Log for IP 'design_1_My_Lab2_0_0'

1. Summary
----------

SUCCESS in the upgrade of design_1_My_Lab2_0_0 (xilinx.com:user:My_Lab2:1.0) from (Rev. 11) to (Rev. 12)






Copyright 1986-2022 Xilinx, Inc. All Rights Reserved. Copyright 2022-2024 Advanced Micro Devices, Inc. All Rights Reserved.
---------------------------------------------------------------------------------------------------------------------------------------------
| Tool Version : Vivado v.2024.2 (win64) Build 5239630 Fri Nov 08 22:35:27 MST 2024
| Date         : Mon May  4 09:49:31 2026
| Host         : JakesXPS13 running 64-bit major release  (build 9200)
| Command      : upgrade_ip
| Device       : xc7a200tsbg484-1
---------------------------------------------------------------------------------------------------------------------------------------------

Upgrade Log for IP 'design_1_My_Lab2_0_0'

1. Summary
----------

SUCCESS in the upgrade of design_1_My_Lab2_0_0 (xilinx.com:user:My_Lab2:1.0) from (Rev. 10) to (Rev. 11)






Copyright 1986-2022 Xilinx, Inc. All Rights Reserved. Copyright 2022-2024 Advanced Micro Devices, Inc. All Rights Reserved.
---------------------------------------------------------------------------------------------------------------------------------------------
| Tool Version : Vivado v.2024.2 (win64) Build 5239630 Fri Nov 08 22:35:27 MST 2024
| Date         : Mon May  4 09:38:41 2026
| Host         : JakesXPS13 running 64-bit major release  (build 9200)
| Command      : upgrade_ip
| Device       : xc7a200tsbg484-1
---------------------------------------------------------------------------------------------------------------------------------------------

Upgrade Log for IP 'design_1_My_Lab2_0_0'

1. Summary
----------

SUCCESS in the upgrade of design_1_My_Lab2_0_0 (xilinx.com:user:My_Lab2:1.0) from (Rev. 9) to (Rev. 10)






Copyright 1986-2022 Xilinx, Inc. All Rights Reserved. Copyright 2022-2024 Advanced Micro Devices, Inc. All Rights Reserved.
---------------------------------------------------------------------------------------------------------------------------------------------
| Tool Version : Vivado v.2024.2 (win64) Build 5239630 Fri Nov 08 22:35:27 MST 2024
| Date         : Mon May  4 09:36:37 2026
| Host         : JakesXPS13 running 64-bit major release  (build 9200)
| Command      : upgrade_ip
| Device       : xc7a200tsbg484-1
---------------------------------------------------------------------------------------------------------------------------------------------

Upgrade Log for IP 'design_1_My_Lab2_0_0'

1. Summary
----------

SUCCESS in the update of design_1_My_Lab2_0_0 (xilinx.com:user:My_Lab2:1.0 (Rev. 9)) to current project options.






Copyright 1986-2022 Xilinx, Inc. All Rights Reserved. Copyright 2022-2024 Advanced Micro Devices, Inc. All Rights Reserved.
---------------------------------------------------------------------------------------------------------------------------------------------
| Tool Version : Vivado v.2024.2 (win64) Build 5239630 Fri Nov 08 22:35:27 MST 2024
| Date         : Mon May  4 09:34:30 2026
| Host         : JakesXPS13 running 64-bit major release  (build 9200)
| Command      : upgrade_ip
| Device       : xc7a200tsbg484-1
---------------------------------------------------------------------------------------------------------------------------------------------

Upgrade Log for IP 'design_1_My_Lab2_0_0'

1. Summary
----------

SUCCESS in the update of design_1_My_Lab2_0_0 (xilinx.com:user:My_Lab2:1.0 (Rev. 9)) to current project options.






Copyright 1986-2022 Xilinx, Inc. All Rights Reserved. Copyright 2022-2024 Advanced Micro Devices, Inc. All Rights Reserved.
---------------------------------------------------------------------------------------------------------------------------------------------
| Tool Version : Vivado v.2024.2 (win64) Build 5239630 Fri Nov 08 22:35:27 MST 2024
| Date         : Mon May  4 08:00:52 2026
| Host         : JakesXPS13 running 64-bit major release  (build 9200)
| Command      : upgrade_ip
| Device       : xc7a200tsbg484-1
---------------------------------------------------------------------------------------------------------------------------------------------

Upgrade Log for IP 'design_1_My_Lab2_0_0'

1. Summary
----------

SUCCESS in the upgrade of design_1_My_Lab2_0_0 (xilinx.com:user:My_Lab2:1.0) from (Rev. 8) to (Rev. 9)






Copyright 1986-2022 Xilinx, Inc. All Rights Reserved. Copyright 2022-2024 Advanced Micro Devices, Inc. All Rights Reserved.
---------------------------------------------------------------------------------------------------------------------------------------------
| Tool Version : Vivado v.2024.2 (win64) Build 5239630 Fri Nov 08 22:35:27 MST 2024
| Date         : Mon May  4 07:54:46 2026
| Host         : JakesXPS13 running 64-bit major release  (build 9200)
| Command      : upgrade_ip
| Device       : xc7a200tsbg484-1
---------------------------------------------------------------------------------------------------------------------------------------------

Upgrade Log for IP 'design_1_My_Lab2_0_0'

1. Summary
----------

SUCCESS in the upgrade of design_1_My_Lab2_0_0 (xilinx.com:user:My_Lab2:1.0) from (Rev. 7) to (Rev. 8)






Copyright 1986-2022 Xilinx, Inc. All Rights Reserved. Copyright 2022-2024 Advanced Micro Devices, Inc. All Rights Reserved.
---------------------------------------------------------------------------------------------------------------------------------------------
| Tool Version : Vivado v.2024.2 (win64) Build 5239630 Fri Nov 08 22:35:27 MST 2024
| Date         : Mon May  4 07:44:58 2026
| Host         : JakesXPS13 running 64-bit major release  (build 9200)
| Command      : upgrade_ip
| Device       : xc7a200tsbg484-1
---------------------------------------------------------------------------------------------------------------------------------------------

Upgrade Log for IP 'design_1_My_Lab2_0_0'

1. Summary
----------

SUCCESS in the upgrade of design_1_My_Lab2_0_0 (xilinx.com:user:My_Lab2:1.0) from (Rev. 6) to (Rev. 7)

